#-----------------------------------------------------------
# Vivado v2024.1 (64-bit)
# SW Build 5076996 on Wed May 22 18:36:09 MDT 2024
# IP Build 5075265 on Wed May 22 21:45:21 MDT 2024
# SharedData Build 5076995 on Wed May 22 18:29:18 MDT 2024
# Start of session at: Mon Oct  5 16:30:49 2026
# Process ID: 109458
# Current directory: /home/biomech/atfm_fpga_copy
# Command line: vivado -mode batch -source build.tcl
# Log file: /home/biomech/atfm_fpga_copy/vivado.log
# Journal file: /home/biomech/atfm_fpga_copy/vivado.jou
# Running On        :biomech-Ubuntu-24-04-PC-Q35-ICH9-2009
# Platform          :Ubuntu
# Operating System  :Ubuntu 22.04.5 LTS
# Processor Detail  :Intel(R) Core(TM) Ultra 9 285K
# CPU Frequency     :3686.400 MHz
# CPU Physical cores:24
# CPU Logical cores :24
# Host memory       :98866 MB
# Swap memory       :2147 MB
# Total Virtual     :101014 MB
# Available Virtual :98166 MB
#-----------------------------------------------------------
source build.tcl
couldn't read file "build.tcl": no such file or directory
INFO: [Common 17-206] Exiting Vivado at Mon Oct  5 16:30:51 2026...
