Copyright 1986-2022 Xilinx, Inc. All Rights Reserved. Copyright 2022-2024 Advanced Micro Devices, Inc. All Rights Reserved.
---------------------------------------------------------------------------------------------------------------------------------------------
| Tool Version : Vivado v.2024.1 (lin64) Build 5076996 Wed May 22 18:36:09 MDT 2024
| Date         : Wed Sep 30 11:31:09 2026
| Host         : eecs-digital-48 running 64-bit Ubuntu 24.04.3 LTS
| Command      : report_timing_summary -file obj/post_route_timing_summary.rpt
| Design       : top_level
| Device       : 7s50-csga324
| Speed File   : -1  PRODUCTION 1.23 2018-06-13
| Design State : Routed
---------------------------------------------------------------------------------------------------------------------------------------------

Timing Summary Report

------------------------------------------------------------------------------------------------
| Timer Settings
| --------------
------------------------------------------------------------------------------------------------

  Enable Multi Corner Analysis               :  Yes
  Enable Pessimism Removal                   :  Yes
  Pessimism Removal Resolution               :  Nearest Common Node
  Enable Input Delay Default Clock           :  No
  Enable Preset / Clear Arcs                 :  No
  Disable Flight Delays                      :  No
  Ignore I/O Paths                           :  No
  Timing Early Launch at Borrowing Latches   :  No
  Borrow Time for Max Delay Exceptions       :  Yes
  Merge Timing Exceptions                    :  Yes
  Inter-SLR Compensation                     :  Conservative

  Corner  Analyze    Analyze    
  Name    Max Paths  Min Paths  
  ------  ---------  ---------  
  Slow    Yes        Yes        
  Fast    Yes        Yes        


------------------------------------------------------------------------------------------------
| Report Methodology
| ------------------
------------------------------------------------------------------------------------------------

No report available as report_methodology has not been run prior. Run report_methodology on the current design for the summary of methodology violations.



check_timing report

Table of Contents
-----------------
1. checking no_clock (0)
2. checking constant_clock (0)
3. checking pulse_width_clock (0)
4. checking unconstrained_internal_endpoints (0)
5. checking no_input_delay (22)
6. checking no_output_delay (26)
7. checking multiple_clock (0)
8. checking generated_clocks (0)
9. checking loops (0)
10. checking partial_input_delay (0)
11. checking partial_output_delay (0)
12. checking latch_loops (0)

1. checking no_clock (0)
------------------------
 There are 0 register/latch pins with no clock.


2. checking constant_clock (0)
------------------------------
 There are 0 register/latch pins with constant_clock.


3. checking pulse_width_clock (0)
---------------------------------
 There are 0 register/latch pins which need pulse_width check


4. checking unconstrained_internal_endpoints (0)
------------------------------------------------
 There are 0 pins that are not constrained for maximum delay.

 There are 0 pins that are not constrained for maximum delay due to constant clock.


5. checking no_input_delay (22)
-------------------------------
 There are 22 input ports with no input delay specified. (HIGH)

 There are 0 input ports with no input delay but user has a false path constraint.


6. checking no_output_delay (26)
--------------------------------
 There are 26 ports with no output delay specified. (HIGH)

 There are 0 ports with no output delay but user has a false path constraint

 There are 0 ports with no output delay but with a timing clock defined on it or propagating through it


7. checking multiple_clock (0)
------------------------------
 There are 0 register/latch pins with multiple clocks.


8. checking generated_clocks (0)
--------------------------------
 There are 0 generated clocks that are not connected to a clock source.


9. checking loops (0)
---------------------
 There are 0 combinational loops in the design.


10. checking partial_input_delay (0)
------------------------------------
 There are 0 input ports with partial input delay specified.


11. checking partial_output_delay (0)
-------------------------------------
 There are 0 ports with partial output delay specified.


12. checking latch_loops (0)
----------------------------
 There are 0 combinational latch loops in the design through latch input



------------------------------------------------------------------------------------------------
| Design Timing Summary
| ---------------------
------------------------------------------------------------------------------------------------

    WNS(ns)      TNS(ns)  TNS Failing Endpoints  TNS Total Endpoints      WHS(ns)      THS(ns)  THS Failing Endpoints  THS Total Endpoints     WPWS(ns)     TPWS(ns)  TPWS Failing Endpoints  TPWS Total Endpoints  
    -------      -------  ---------------------  -------------------      -------      -------  ---------------------  -------------------     --------     --------  ----------------------  --------------------  
      3.254        0.000                      0                 1118        0.104        0.000                      0                 1118        3.020        0.000                       0                  1056  


All user specified timing constraints are met.


------------------------------------------------------------------------------------------------
| Clock Summary
| -------------
------------------------------------------------------------------------------------------------

Clock  Waveform(ns)       Period(ns)      Frequency(MHz)
-----  ------------       ----------      --------------
gclk   {0.000 4.000}      10.000          100.000         


------------------------------------------------------------------------------------------------
| Intra Clock Table
| -----------------
------------------------------------------------------------------------------------------------

Clock             WNS(ns)      TNS(ns)  TNS Failing Endpoints  TNS Total Endpoints      WHS(ns)      THS(ns)  THS Failing Endpoints  THS Total Endpoints     WPWS(ns)     TPWS(ns)  TPWS Failing Endpoints  TPWS Total Endpoints  
-----             -------      -------  ---------------------  -------------------      -------      -------  ---------------------  -------------------     --------     --------  ----------------------  --------------------  
gclk                3.254        0.000                      0                 1118        0.104        0.000                      0                 1118        3.020        0.000                       0                  1056  


------------------------------------------------------------------------------------------------
| Inter Clock Table
| -----------------
------------------------------------------------------------------------------------------------

From Clock    To Clock          WNS(ns)      TNS(ns)  TNS Failing Endpoints  TNS Total Endpoints      WHS(ns)      THS(ns)  THS Failing Endpoints  THS Total Endpoints  
----------    --------          -------      -------  ---------------------  -------------------      -------      -------  ---------------------  -------------------  


------------------------------------------------------------------------------------------------
| Other Path Groups Table
| -----------------------
------------------------------------------------------------------------------------------------

Path Group    From Clock    To Clock          WNS(ns)      TNS(ns)  TNS Failing Endpoints  TNS Total Endpoints      WHS(ns)      THS(ns)  THS Failing Endpoints  THS Total Endpoints  
----------    ----------    --------          -------      -------  ---------------------  -------------------      -------      -------  ---------------------  -------------------  


------------------------------------------------------------------------------------------------
| Timing Details
| --------------
------------------------------------------------------------------------------------------------


---------------------------------------------------------------------------------------------------
From Clock:  gclk
  To Clock:  gclk

Setup :            0  Failing Endpoints,  Worst Slack        3.254ns,  Total Violation        0.000ns
Hold  :            0  Failing Endpoints,  Worst Slack        0.104ns,  Total Violation        0.000ns
PW    :            0  Failing Endpoints,  Worst Slack        3.020ns,  Total Violation        0.000ns
---------------------------------------------------------------------------------------------------


Max Delay Paths
--------------------------------------------------------------------------------------
Slack (MET) :             3.254ns  (required time - arrival time)
  Source:                 cordic/cordic_pipeline[11].desired_angle_pipe_reg[12][10]/C
                            (rising edge-triggered cell FDRE clocked by gclk  {rise@0.000ns fall@4.000ns period=10.000ns})
  Destination:            cordic/cordic_pipeline[12].x_pipe_reg[13][16]/D
                            (rising edge-triggered cell FDRE clocked by gclk  {rise@0.000ns fall@4.000ns period=10.000ns})
  Path Group:             gclk
  Path Type:              Setup (Max at Slow Process Corner)
  Requirement:            10.000ns  (gclk rise@10.000ns - gclk rise@0.000ns)
  Data Path Delay:        6.706ns  (logic 2.597ns (38.725%)  route 4.109ns (61.275%))
  Logic Levels:           8  (CARRY4=6 LUT3=1 LUT4=1)
  Clock Path Skew:        -0.113ns (DCD - SCD + CPR)
    Destination Clock Delay (DCD):    4.758ns = ( 14.758 - 10.000 ) 
    Source Clock Delay      (SCD):    5.128ns
    Clock Pessimism Removal (CPR):    0.257ns
  Clock Uncertainty:      0.035ns  ((TSJ^2 + TIJ^2)^1/2 + DJ) / 2 + PE
    Total System Jitter     (TSJ):    0.071ns
    Total Input Jitter      (TIJ):    0.000ns
    Discrete Jitter          (DJ):    0.000ns
    Phase Error              (PE):    0.000ns

    Location             Delay type                Incr(ns)  Path(ns)    Netlist Resource(s)
  -------------------------------------------------------------------    -------------------
                         (clock gclk rise edge)       0.000     0.000 r  
    N15                                               0.000     0.000 r  clk_100mhz (IN)
                         net (fo=0)                   0.000     0.000    clk_100mhz
    N15                  IBUF (Prop_ibuf_I_O)         1.440     1.440 r  clk_100mhz_IBUF_inst/O
                         net (fo=1, routed)           1.972     3.412    clk_100mhz_IBUF
    BUFGCTRL_X0Y0        BUFG (Prop_bufg_I_O)         0.096     3.508 r  clk_100mhz_IBUF_BUFG_inst/O
                         net (fo=1055, routed)        1.620     5.128    cordic/clk_100mhz_IBUF_BUFG
    SLICE_X61Y64         FDRE                                         r  cordic/cordic_pipeline[11].desired_angle_pipe_reg[12][10]/C
  -------------------------------------------------------------------    -------------------
    SLICE_X61Y64         FDRE (Prop_fdre_C_Q)         0.419     5.547 r  cordic/cordic_pipeline[11].desired_angle_pipe_reg[12][10]/Q
                         net (fo=3, routed)           1.786     7.333    cordic/cordic_pipeline[11].desired_angle_pipe_reg[12]_45[10]
    SLICE_X59Y63         LUT4 (Prop_lut4_I0_O)        0.297     7.630 r  cordic/i__carry__0_i_7__9/O
                         net (fo=1, routed)           0.000     7.630    cordic/i__carry__0_i_7__9_n_0
    SLICE_X59Y63         CARRY4 (Prop_carry4_S[1]_CO[3])
                                                      0.550     8.180 r  cordic/p_0_out_inferred__28/i__carry__0/CO[3]
                         net (fo=40, routed)          2.314    10.494    cordic/p_0_out_inferred__28/i__carry__0_n_0
    SLICE_X56Y73         LUT3 (Prop_lut3_I2_O)        0.124    10.618 r  cordic/cordic_pipeline[12].x_pipe[13][2]_i_4/O
                         net (fo=1, routed)           0.000    10.618    cordic/cordic_pipeline[12].x_pipe[13][2]_i_4_n_0
    SLICE_X56Y73         CARRY4 (Prop_carry4_S[1]_CO[3])
                                                      0.533    11.151 r  cordic/cordic_pipeline[12].x_pipe_reg[13][2]_i_1/CO[3]
                         net (fo=1, routed)           0.000    11.151    cordic/cordic_pipeline[12].x_pipe_reg[13][2]_i_1_n_0
    SLICE_X56Y74         CARRY4 (Prop_carry4_CI_CO[3])
                                                      0.117    11.268 r  cordic/cordic_pipeline[12].x_pipe_reg[13][6]_i_1/CO[3]
                         net (fo=1, routed)           0.009    11.277    cordic/cordic_pipeline[12].x_pipe_reg[13][6]_i_1_n_0
    SLICE_X56Y75         CARRY4 (Prop_carry4_CI_CO[3])
                                                      0.117    11.394 r  cordic/cordic_pipeline[12].x_pipe_reg[13][10]_i_1/CO[3]
                         net (fo=1, routed)           0.000    11.394    cordic/cordic_pipeline[12].x_pipe_reg[13][10]_i_1_n_0
    SLICE_X56Y76         CARRY4 (Prop_carry4_CI_CO[3])
                                                      0.117    11.511 r  cordic/cordic_pipeline[12].x_pipe_reg[13][14]_i_1/CO[3]
                         net (fo=1, routed)           0.000    11.511    cordic/cordic_pipeline[12].x_pipe_reg[13][14]_i_1_n_0
    SLICE_X56Y77         CARRY4 (Prop_carry4_CI_O[1])
                                                      0.323    11.834 r  cordic/cordic_pipeline[12].x_pipe_reg[13][16]_i_1/O[1]
                         net (fo=1, routed)           0.000    11.834    cordic/cordic_pipeline[12].x_pipe_reg[13][16]_i_1_n_6
    SLICE_X56Y77         FDRE                                         r  cordic/cordic_pipeline[12].x_pipe_reg[13][16]/D
  -------------------------------------------------------------------    -------------------

                         (clock gclk rise edge)      10.000    10.000 r  
    N15                                               0.000    10.000 r  clk_100mhz (IN)
                         net (fo=0)                   0.000    10.000    clk_100mhz
    N15                  IBUF (Prop_ibuf_I_O)         1.370    11.370 r  clk_100mhz_IBUF_inst/O
                         net (fo=1, routed)           1.868    13.238    clk_100mhz_IBUF
    BUFGCTRL_X0Y0        BUFG (Prop_bufg_I_O)         0.091    13.329 r  clk_100mhz_IBUF_BUFG_inst/O
                         net (fo=1055, routed)        1.429    14.758    cordic/clk_100mhz_IBUF_BUFG
    SLICE_X56Y77         FDRE                                         r  cordic/cordic_pipeline[12].x_pipe_reg[13][16]/C
                         clock pessimism              0.257    15.015    
                         clock uncertainty           -0.035    14.979    
    SLICE_X56Y77         FDRE (Setup_fdre_C_D)        0.109    15.088    cordic/cordic_pipeline[12].x_pipe_reg[13][16]
  -------------------------------------------------------------------
                         required time                         15.088    
                         arrival time                         -11.834    
  -------------------------------------------------------------------
                         slack                                  3.254    





Min Delay Paths
--------------------------------------------------------------------------------------
Slack (MET) :             0.104ns  (arrival time - required time)
  Source:                 qspi/data_to_send_reg[27]/C
                            (rising edge-triggered cell FDRE clocked by gclk  {rise@0.000ns fall@4.000ns period=10.000ns})
  Destination:            qspi/data_to_send_reg[31]/D
                            (rising edge-triggered cell FDRE clocked by gclk  {rise@0.000ns fall@4.000ns period=10.000ns})
  Path Group:             gclk
  Path Type:              Hold (Min at Fast Process Corner)
  Requirement:            0.000ns  (gclk rise@0.000ns - gclk rise@0.000ns)
  Data Path Delay:        0.238ns  (logic 0.186ns (78.117%)  route 0.052ns (21.883%))
  Logic Levels:           1  (LUT5=1)
  Clock Path Skew:        0.013ns (DCD - SCD - CPR)
    Destination Clock Delay (DCD):    1.940ns
    Source Clock Delay      (SCD):    1.428ns
    Clock Pessimism Removal (CPR):    0.499ns

    Location             Delay type                Incr(ns)  Path(ns)    Netlist Resource(s)
  -------------------------------------------------------------------    -------------------
                         (clock gclk rise edge)       0.000     0.000 r  
    N15                                               0.000     0.000 r  clk_100mhz (IN)
                         net (fo=0)                   0.000     0.000    clk_100mhz
    N15                  IBUF (Prop_ibuf_I_O)         0.209     0.209 r  clk_100mhz_IBUF_inst/O
                         net (fo=1, routed)           0.634     0.843    clk_100mhz_IBUF
    BUFGCTRL_X0Y0        BUFG (Prop_bufg_I_O)         0.026     0.869 r  clk_100mhz_IBUF_BUFG_inst/O
                         net (fo=1055, routed)        0.560     1.428    qspi/clk_100mhz_IBUF_BUFG
    SLICE_X57Y67         FDRE                                         r  qspi/data_to_send_reg[27]/C
  -------------------------------------------------------------------    -------------------
    SLICE_X57Y67         FDRE (Prop_fdre_C_Q)         0.141     1.569 r  qspi/data_to_send_reg[27]/Q
                         net (fo=1, routed)           0.052     1.621    cordic/Q[26]
    SLICE_X56Y67         LUT5 (Prop_lut5_I0_O)        0.045     1.666 r  cordic/data_to_send[31]_i_2/O
                         net (fo=1, routed)           0.000     1.666    qspi/D[30]
    SLICE_X56Y67         FDRE                                         r  qspi/data_to_send_reg[31]/D
  -------------------------------------------------------------------    -------------------

                         (clock gclk rise edge)       0.000     0.000 r  
    N15                                               0.000     0.000 r  clk_100mhz (IN)
                         net (fo=0)                   0.000     0.000    clk_100mhz
    N15                  IBUF (Prop_ibuf_I_O)         0.396     0.396 r  clk_100mhz_IBUF_inst/O
                         net (fo=1, routed)           0.689     1.085    clk_100mhz_IBUF
    BUFGCTRL_X0Y0        BUFG (Prop_bufg_I_O)         0.029     1.114 r  clk_100mhz_IBUF_BUFG_inst/O
                         net (fo=1055, routed)        0.826     1.940    qspi/clk_100mhz_IBUF_BUFG
    SLICE_X56Y67         FDRE                                         r  qspi/data_to_send_reg[31]/C
                         clock pessimism             -0.499     1.441    
    SLICE_X56Y67         FDRE (Hold_fdre_C_D)         0.121     1.562    qspi/data_to_send_reg[31]
  -------------------------------------------------------------------
                         required time                         -1.562    
                         arrival time                           1.666    
  -------------------------------------------------------------------
                         slack                                  0.104    





Pulse Width Checks
--------------------------------------------------------------------------------------
Clock Name:         gclk
Waveform(ns):       { 0.000 4.000 }
Period(ns):         10.000
Sources:            { clk_100mhz }

Check Type        Corner  Lib Pin     Reference Pin  Required(ns)  Actual(ns)  Slack(ns)  Location       Pin
Min Period        n/a     BUFG/I      n/a            2.155         10.000      7.845      BUFGCTRL_X0Y0  clk_100mhz_IBUF_BUFG_inst/I
Low Pulse Width   Slow    SRL16E/CLK  n/a            0.980         6.000       5.020      SLICE_X56Y65   cordic/cordic_pipeline[14].x_flip_pipe_reg[15]_srl16/CLK
High Pulse Width  Slow    SRL16E/CLK  n/a            0.980         4.000       3.020      SLICE_X56Y65   cordic/cordic_pipeline[14].x_flip_pipe_reg[15]_srl16/CLK



