Copyright 1986-2022 Xilinx, Inc. All Rights Reserved. Copyright 2022-2024 Advanced Micro Devices, Inc. All Rights Reserved.
---------------------------------------------------------------------------------------------------------------------------------------------
| Tool Version : Vivado v.2024.1 (lin64) Build 5076996 Wed May 22 18:36:09 MDT 2024
| Date         : Wed Sep 30 11:30:55 2026
| Host         : eecs-digital-48 running 64-bit Ubuntu 24.04.3 LTS
| Command      : report_timing_summary -file obj/post_place_timing_summary.rpt
| Design       : top_level
| Device       : 7s50-csga324
| Speed File   : -1  PRODUCTION 1.23 2018-06-13
| Design State : Fully Placed
---------------------------------------------------------------------------------------------------------------------------------------------

Timing Summary Report

------------------------------------------------------------------------------------------------
| Timer Settings
| --------------
------------------------------------------------------------------------------------------------

  Enable Multi Corner Analysis               :  Yes
  Enable Pessimism Removal                   :  Yes
  Pessimism Removal Resolution               :  Nearest Common Node
  Enable Input Delay Default Clock           :  No
  Enable Preset / Clear Arcs                 :  No
  Disable Flight Delays                      :  No
  Ignore I/O Paths                           :  No
  Timing Early Launch at Borrowing Latches   :  No
  Borrow Time for Max Delay Exceptions       :  Yes
  Merge Timing Exceptions                    :  Yes
  Inter-SLR Compensation                     :  Conservative

  Corner  Analyze    Analyze    
  Name    Max Paths  Min Paths  
  ------  ---------  ---------  
  Slow    Yes        Yes        
  Fast    Yes        Yes        


------------------------------------------------------------------------------------------------
| Report Methodology
| ------------------
------------------------------------------------------------------------------------------------

No report available as report_methodology has not been run prior. Run report_methodology on the current design for the summary of methodology violations.



check_timing report

Table of Contents
-----------------
1. checking no_clock (0)
2. checking constant_clock (0)
3. checking pulse_width_clock (0)
4. checking unconstrained_internal_endpoints (0)
5. checking no_input_delay (22)
6. checking no_output_delay (26)
7. checking multiple_clock (0)
8. checking generated_clocks (0)
9. checking loops (0)
10. checking partial_input_delay (0)
11. checking partial_output_delay (0)
12. checking latch_loops (0)

1. checking no_clock (0)
------------------------
 There are 0 register/latch pins with no clock.


2. checking constant_clock (0)
------------------------------
 There are 0 register/latch pins with constant_clock.


3. checking pulse_width_clock (0)
---------------------------------
 There are 0 register/latch pins which need pulse_width check


4. checking unconstrained_internal_endpoints (0)
------------------------------------------------
 There are 0 pins that are not constrained for maximum delay.

 There are 0 pins that are not constrained for maximum delay due to constant clock.


5. checking no_input_delay (22)
-------------------------------
 There are 22 input ports with no input delay specified. (HIGH)

 There are 0 input ports with no input delay but user has a false path constraint.


6. checking no_output_delay (26)
--------------------------------
 There are 26 ports with no output delay specified. (HIGH)

 There are 0 ports with no output delay but user has a false path constraint

 There are 0 ports with no output delay but with a timing clock defined on it or propagating through it


7. checking multiple_clock (0)
------------------------------
 There are 0 register/latch pins with multiple clocks.


8. checking generated_clocks (0)
--------------------------------
 There are 0 generated clocks that are not connected to a clock source.


9. checking loops (0)
---------------------
 There are 0 combinational loops in the design.


10. checking partial_input_delay (0)
------------------------------------
 There are 0 input ports with partial input delay specified.


11. checking partial_output_delay (0)
-------------------------------------
 There are 0 ports with partial output delay specified.


12. checking latch_loops (0)
----------------------------
 There are 0 combinational latch loops in the design through latch input



------------------------------------------------------------------------------------------------
| Design Timing Summary
| ---------------------
------------------------------------------------------------------------------------------------

    WNS(ns)      TNS(ns)  TNS Failing Endpoints  TNS Total Endpoints      WHS(ns)      THS(ns)  THS Failing Endpoints  THS Total Endpoints     WPWS(ns)     TPWS(ns)  TPWS Failing Endpoints  TPWS Total Endpoints  
    -------      -------  ---------------------  -------------------      -------      -------  ---------------------  -------------------     --------     --------  ----------------------  --------------------  
      4.597        0.000                      0                 1118        0.181        0.000                      0                 1118        3.020        0.000                       0                  1056  


All user specified timing constraints are met.


------------------------------------------------------------------------------------------------
| Clock Summary
| -------------
------------------------------------------------------------------------------------------------

Clock  Waveform(ns)       Period(ns)      Frequency(MHz)
-----  ------------       ----------      --------------
gclk   {0.000 4.000}      10.000          100.000         


------------------------------------------------------------------------------------------------
| Intra Clock Table
| -----------------
------------------------------------------------------------------------------------------------

Clock             WNS(ns)      TNS(ns)  TNS Failing Endpoints  TNS Total Endpoints      WHS(ns)      THS(ns)  THS Failing Endpoints  THS Total Endpoints     WPWS(ns)     TPWS(ns)  TPWS Failing Endpoints  TPWS Total Endpoints  
-----             -------      -------  ---------------------  -------------------      -------      -------  ---------------------  -------------------     --------     --------  ----------------------  --------------------  
gclk                4.597        0.000                      0                 1118        0.181        0.000                      0                 1118        3.020        0.000                       0                  1056  


------------------------------------------------------------------------------------------------
| Inter Clock Table
| -----------------
------------------------------------------------------------------------------------------------

From Clock    To Clock          WNS(ns)      TNS(ns)  TNS Failing Endpoints  TNS Total Endpoints      WHS(ns)      THS(ns)  THS Failing Endpoints  THS Total Endpoints  
----------    --------          -------      -------  ---------------------  -------------------      -------      -------  ---------------------  -------------------  


------------------------------------------------------------------------------------------------
| Other Path Groups Table
| -----------------------
------------------------------------------------------------------------------------------------

Path Group    From Clock    To Clock          WNS(ns)      TNS(ns)  TNS Failing Endpoints  TNS Total Endpoints      WHS(ns)      THS(ns)  THS Failing Endpoints  THS Total Endpoints  
----------    ----------    --------          -------      -------  ---------------------  -------------------      -------      -------  ---------------------  -------------------  


------------------------------------------------------------------------------------------------
| Timing Details
| --------------
------------------------------------------------------------------------------------------------


---------------------------------------------------------------------------------------------------
From Clock:  gclk
  To Clock:  gclk

Setup :            0  Failing Endpoints,  Worst Slack        4.597ns,  Total Violation        0.000ns
Hold  :            0  Failing Endpoints,  Worst Slack        0.181ns,  Total Violation        0.000ns
PW    :            0  Failing Endpoints,  Worst Slack        3.020ns,  Total Violation        0.000ns
---------------------------------------------------------------------------------------------------


Max Delay Paths
--------------------------------------------------------------------------------------
Slack (MET) :             4.597ns  (required time - arrival time)
  Source:                 cordic/cordic_pipeline[12].desired_angle_pipe_reg[13][2]/C
                            (rising edge-triggered cell FDRE clocked by gclk  {rise@0.000ns fall@4.000ns period=10.000ns})
  Destination:            cordic/cordic_pipeline[13].y_pipe_reg[14][16]/D
                            (rising edge-triggered cell FDRE clocked by gclk  {rise@0.000ns fall@4.000ns period=10.000ns})
  Path Group:             gclk
  Path Type:              Setup (Max at Slow Process Corner)
  Requirement:            10.000ns  (gclk rise@10.000ns - gclk rise@0.000ns)
  Data Path Delay:        5.321ns  (logic 2.649ns (49.784%)  route 2.672ns (50.216%))
  Logic Levels:           9  (CARRY4=7 LUT1=1 LUT4=1)
  Clock Path Skew:        -0.109ns (DCD - SCD + CPR)
    Destination Clock Delay (DCD):    4.763ns = ( 14.763 - 10.000 ) 
    Source Clock Delay      (SCD):    5.125ns
    Clock Pessimism Removal (CPR):    0.254ns
  Clock Uncertainty:      0.035ns  ((TSJ^2 + TIJ^2)^1/2 + DJ) / 2 + PE
    Total System Jitter     (TSJ):    0.071ns
    Total Input Jitter      (TIJ):    0.000ns
    Discrete Jitter          (DJ):    0.000ns
    Phase Error              (PE):    0.000ns

    Location             Delay type                Incr(ns)  Path(ns)    Netlist Resource(s)
  -------------------------------------------------------------------    -------------------
                         (clock gclk rise edge)       0.000     0.000 r  
    N15                                               0.000     0.000 r  clk_100mhz (IN)
                         net (fo=0)                   0.000     0.000    clk_100mhz
    N15                  IBUF (Prop_ibuf_I_O)         1.440     1.440 r  clk_100mhz_IBUF_inst/O
                         net (fo=1, estimated)        1.972     3.412    clk_100mhz_IBUF
    BUFGCTRL_X0Y0        BUFG (Prop_bufg_I_O)         0.096     3.508 r  clk_100mhz_IBUF_BUFG_inst/O
                         net (fo=1055, estimated)     1.617     5.125    cordic/clk_100mhz_IBUF_BUFG
    SLICE_X58Y63         FDRE                                         r  cordic/cordic_pipeline[12].desired_angle_pipe_reg[13][2]/C
  -------------------------------------------------------------------    -------------------
    SLICE_X58Y63         FDRE (Prop_fdre_C_Q)         0.419     5.544 r  cordic/cordic_pipeline[12].desired_angle_pipe_reg[13][2]/Q
                         net (fo=3, estimated)        0.956     6.500    cordic/cordic_pipeline[12].desired_angle_pipe_reg[13]_49[2]
    SLICE_X59Y64         LUT4 (Prop_lut4_I0_O)        0.297     6.797 r  cordic/i__carry_i_7__10/O
                         net (fo=1, routed)           0.000     6.797    cordic/i__carry_i_7__10_n_0
    SLICE_X59Y64         CARRY4 (Prop_carry4_S[1]_CO[3])
                                                      0.550     7.347 r  cordic/p_0_out_inferred__30/i__carry/CO[3]
                         net (fo=1, estimated)        0.000     7.347    cordic/p_0_out_inferred__30/i__carry_n_0
    SLICE_X59Y65         CARRY4 (Prop_carry4_CI_CO[3])
                                                      0.114     7.461 f  cordic/p_0_out_inferred__30/i__carry__0/CO[3]
                         net (fo=38, estimated)       1.099     8.560    cordic/p_0_out_inferred__30/i__carry__0_n_0
    SLICE_X58Y75         LUT1 (Prop_lut1_I0_O)        0.124     8.684 r  cordic/cordic_pipeline[13].y_pipe_reg[14]0_carry_i_1/O
                         net (fo=1, estimated)        0.617     9.301    cordic/cordic_pipeline[13].y_pipe_reg[14]0_carry_i_1_n_0
    SLICE_X57Y75         CARRY4 (Prop_carry4_CYINIT_CO[3])
                                                      0.580     9.881 r  cordic/cordic_pipeline[13].y_pipe_reg[14]0_carry/CO[3]
                         net (fo=1, estimated)        0.000     9.881    cordic/cordic_pipeline[13].y_pipe_reg[14]0_carry_n_0
    SLICE_X57Y76         CARRY4 (Prop_carry4_CI_CO[3])
                                                      0.114     9.995 r  cordic/cordic_pipeline[13].y_pipe_reg[14]0_carry__0/CO[3]
                         net (fo=1, estimated)        0.000     9.995    cordic/cordic_pipeline[13].y_pipe_reg[14]0_carry__0_n_0
    SLICE_X57Y77         CARRY4 (Prop_carry4_CI_CO[3])
                                                      0.114    10.109 r  cordic/cordic_pipeline[13].y_pipe_reg[14]0_carry__1/CO[3]
                         net (fo=1, estimated)        0.000    10.109    cordic/cordic_pipeline[13].y_pipe_reg[14]0_carry__1_n_0
    SLICE_X57Y78         CARRY4 (Prop_carry4_CI_CO[3])
                                                      0.114    10.223 r  cordic/cordic_pipeline[13].y_pipe_reg[14]0_carry__2/CO[3]
                         net (fo=1, estimated)        0.000    10.223    cordic/cordic_pipeline[13].y_pipe_reg[14]0_carry__2_n_0
    SLICE_X57Y79         CARRY4 (Prop_carry4_CI_O[0])
                                                      0.223    10.446 r  cordic/cordic_pipeline[13].y_pipe_reg[14]0_carry__3/O[0]
                         net (fo=1, routed)           0.000    10.446    cordic/cordic_pipeline[13].y_pipe_reg[14]0_carry__3_n_7
    SLICE_X57Y79         FDRE                                         r  cordic/cordic_pipeline[13].y_pipe_reg[14][16]/D
  -------------------------------------------------------------------    -------------------

                         (clock gclk rise edge)      10.000    10.000 r  
    N15                                               0.000    10.000 r  clk_100mhz (IN)
                         net (fo=0)                   0.000    10.000    clk_100mhz
    N15                  IBUF (Prop_ibuf_I_O)         1.370    11.370 r  clk_100mhz_IBUF_inst/O
                         net (fo=1, estimated)        1.873    13.244    clk_100mhz_IBUF
    BUFGCTRL_X0Y0        BUFG (Prop_bufg_I_O)         0.091    13.335 r  clk_100mhz_IBUF_BUFG_inst/O
                         net (fo=1055, estimated)     1.428    14.763    cordic/clk_100mhz_IBUF_BUFG
    SLICE_X57Y79         FDRE                                         r  cordic/cordic_pipeline[13].y_pipe_reg[14][16]/C
                         clock pessimism              0.254    15.016    
                         clock uncertainty           -0.035    14.981    
    SLICE_X57Y79         FDRE (Setup_fdre_C_D)        0.062    15.043    cordic/cordic_pipeline[13].y_pipe_reg[14][16]
  -------------------------------------------------------------------
                         required time                         15.043    
                         arrival time                         -10.446    
  -------------------------------------------------------------------
                         slack                                  4.597    





Min Delay Paths
--------------------------------------------------------------------------------------
Slack (MET) :             0.181ns  (arrival time - required time)
  Source:                 cordic/cordic_pipeline[6].desired_angle_pipe_reg[7][6]/C
                            (rising edge-triggered cell FDRE clocked by gclk  {rise@0.000ns fall@4.000ns period=10.000ns})
  Destination:            cordic/cordic_pipeline[7].desired_angle_pipe_reg[8][6]/D
                            (rising edge-triggered cell FDRE clocked by gclk  {rise@0.000ns fall@4.000ns period=10.000ns})
  Path Group:             gclk
  Path Type:              Hold (Min at Fast Process Corner)
  Requirement:            0.000ns  (gclk rise@0.000ns - gclk rise@0.000ns)
  Data Path Delay:        0.291ns  (logic 0.141ns (48.443%)  route 0.150ns (51.557%))
  Logic Levels:           0  
  Clock Path Skew:        0.038ns (DCD - SCD - CPR)
    Destination Clock Delay (DCD):    2.160ns
    Source Clock Delay      (SCD):    1.654ns
    Clock Pessimism Removal (CPR):    0.468ns

    Location             Delay type                Incr(ns)  Path(ns)    Netlist Resource(s)
  -------------------------------------------------------------------    -------------------
                         (clock gclk rise edge)       0.000     0.000 r  
    N15                                               0.000     0.000 r  clk_100mhz (IN)
                         net (fo=0)                   0.000     0.000    clk_100mhz
    N15                  IBUF (Prop_ibuf_I_O)         0.209     0.209 r  clk_100mhz_IBUF_inst/O
                         net (fo=1, estimated)        0.831     1.040    clk_100mhz_IBUF
    BUFGCTRL_X0Y0        BUFG (Prop_bufg_I_O)         0.026     1.066 r  clk_100mhz_IBUF_BUFG_inst/O
                         net (fo=1055, estimated)     0.588     1.654    cordic/clk_100mhz_IBUF_BUFG
    SLICE_X59Y57         FDRE                                         r  cordic/cordic_pipeline[6].desired_angle_pipe_reg[7][6]/C
  -------------------------------------------------------------------    -------------------
    SLICE_X59Y57         FDRE (Prop_fdre_C_Q)         0.141     1.795 r  cordic/cordic_pipeline[6].desired_angle_pipe_reg[7][6]/Q
                         net (fo=3, estimated)        0.150     1.945    cordic/cordic_pipeline[6].desired_angle_pipe_reg[7]_25[6]
    SLICE_X62Y57         FDRE                                         r  cordic/cordic_pipeline[7].desired_angle_pipe_reg[8][6]/D
  -------------------------------------------------------------------    -------------------

                         (clock gclk rise edge)       0.000     0.000 r  
    N15                                               0.000     0.000 r  clk_100mhz (IN)
                         net (fo=0)                   0.000     0.000    clk_100mhz
    N15                  IBUF (Prop_ibuf_I_O)         0.396     0.396 r  clk_100mhz_IBUF_inst/O
                         net (fo=1, estimated)        0.875     1.271    clk_100mhz_IBUF
    BUFGCTRL_X0Y0        BUFG (Prop_bufg_I_O)         0.029     1.300 r  clk_100mhz_IBUF_BUFG_inst/O
                         net (fo=1055, estimated)     0.860     2.160    cordic/clk_100mhz_IBUF_BUFG
    SLICE_X62Y57         FDRE                                         r  cordic/cordic_pipeline[7].desired_angle_pipe_reg[8][6]/C
                         clock pessimism             -0.468     1.692    
    SLICE_X62Y57         FDRE (Hold_fdre_C_D)         0.072     1.764    cordic/cordic_pipeline[7].desired_angle_pipe_reg[8][6]
  -------------------------------------------------------------------
                         required time                         -1.764    
                         arrival time                           1.945    
  -------------------------------------------------------------------
                         slack                                  0.181    





Pulse Width Checks
--------------------------------------------------------------------------------------
Clock Name:         gclk
Waveform(ns):       { 0.000 4.000 }
Period(ns):         10.000
Sources:            { clk_100mhz }

Check Type        Corner  Lib Pin     Reference Pin  Required(ns)  Actual(ns)  Slack(ns)  Location       Pin
Min Period        n/a     BUFG/I      n/a            2.155         10.000      7.845      BUFGCTRL_X0Y0  clk_100mhz_IBUF_BUFG_inst/I
Low Pulse Width   Slow    SRL16E/CLK  n/a            0.980         6.000       5.020      SLICE_X56Y65   cordic/cordic_pipeline[14].x_flip_pipe_reg[15]_srl16/CLK
High Pulse Width  Slow    SRL16E/CLK  n/a            0.980         4.000       3.020      SLICE_X56Y65   cordic/cordic_pipeline[14].x_flip_pipe_reg[15]_srl16/CLK



