Copyright 1986-2022 Xilinx, Inc. All Rights Reserved. Copyright 2022-2024 Advanced Micro Devices, Inc. All Rights Reserved.
---------------------------------------------------------------------------------------------------------------------------------------------
| Tool Version : Vivado v.2024.1 (lin64) Build 5076996 Wed May 22 18:36:09 MDT 2024
| Date         : Wed Sep 30 11:30:55 2026
| Host         : eecs-digital-48 running 64-bit Ubuntu 24.04.3 LTS
| Command      : report_timing -file obj/post_place_timing.rpt
| Design       : top_level
| Device       : 7s50-csga324
| Speed File   : -1  PRODUCTION 1.23 2018-06-13
| Design State : Fully Placed
---------------------------------------------------------------------------------------------------------------------------------------------

Timing Report

Slack (MET) :             4.597ns  (required time - arrival time)
  Source:                 cordic/cordic_pipeline[12].desired_angle_pipe_reg[13][2]/C
                            (rising edge-triggered cell FDRE clocked by gclk  {rise@0.000ns fall@4.000ns period=10.000ns})
  Destination:            cordic/cordic_pipeline[13].y_pipe_reg[14][16]/D
                            (rising edge-triggered cell FDRE clocked by gclk  {rise@0.000ns fall@4.000ns period=10.000ns})
  Path Group:             gclk
  Path Type:              Setup (Max at Slow Process Corner)
  Requirement:            10.000ns  (gclk rise@10.000ns - gclk rise@0.000ns)
  Data Path Delay:        5.321ns  (logic 2.649ns (49.784%)  route 2.672ns (50.216%))
  Logic Levels:           9  (CARRY4=7 LUT1=1 LUT4=1)
  Clock Path Skew:        -0.109ns (DCD - SCD + CPR)
    Destination Clock Delay (DCD):    4.763ns = ( 14.763 - 10.000 ) 
    Source Clock Delay      (SCD):    5.125ns
    Clock Pessimism Removal (CPR):    0.254ns
  Clock Uncertainty:      0.035ns  ((TSJ^2 + TIJ^2)^1/2 + DJ) / 2 + PE
    Total System Jitter     (TSJ):    0.071ns
    Total Input Jitter      (TIJ):    0.000ns
    Discrete Jitter          (DJ):    0.000ns
    Phase Error              (PE):    0.000ns

    Location             Delay type                Incr(ns)  Path(ns)    Netlist Resource(s)
  -------------------------------------------------------------------    -------------------
                         (clock gclk rise edge)       0.000     0.000 r  
    N15                                               0.000     0.000 r  clk_100mhz (IN)
                         net (fo=0)                   0.000     0.000    clk_100mhz
    N15                  IBUF (Prop_ibuf_I_O)         1.440     1.440 r  clk_100mhz_IBUF_inst/O
                         net (fo=1, estimated)        1.972     3.412    clk_100mhz_IBUF
    BUFGCTRL_X0Y0        BUFG (Prop_bufg_I_O)         0.096     3.508 r  clk_100mhz_IBUF_BUFG_inst/O
                         net (fo=1055, estimated)     1.617     5.125    cordic/clk_100mhz_IBUF_BUFG
    SLICE_X58Y63         FDRE                                         r  cordic/cordic_pipeline[12].desired_angle_pipe_reg[13][2]/C
  -------------------------------------------------------------------    -------------------
    SLICE_X58Y63         FDRE (Prop_fdre_C_Q)         0.419     5.544 r  cordic/cordic_pipeline[12].desired_angle_pipe_reg[13][2]/Q
                         net (fo=3, estimated)        0.956     6.500    cordic/cordic_pipeline[12].desired_angle_pipe_reg[13]_49[2]
    SLICE_X59Y64         LUT4 (Prop_lut4_I0_O)        0.297     6.797 r  cordic/i__carry_i_7__10/O
                         net (fo=1, routed)           0.000     6.797    cordic/i__carry_i_7__10_n_0
    SLICE_X59Y64         CARRY4 (Prop_carry4_S[1]_CO[3])
                                                      0.550     7.347 r  cordic/p_0_out_inferred__30/i__carry/CO[3]
                         net (fo=1, estimated)        0.000     7.347    cordic/p_0_out_inferred__30/i__carry_n_0
    SLICE_X59Y65         CARRY4 (Prop_carry4_CI_CO[3])
                                                      0.114     7.461 f  cordic/p_0_out_inferred__30/i__carry__0/CO[3]
                         net (fo=38, estimated)       1.099     8.560    cordic/p_0_out_inferred__30/i__carry__0_n_0
    SLICE_X58Y75         LUT1 (Prop_lut1_I0_O)        0.124     8.684 r  cordic/cordic_pipeline[13].y_pipe_reg[14]0_carry_i_1/O
                         net (fo=1, estimated)        0.617     9.301    cordic/cordic_pipeline[13].y_pipe_reg[14]0_carry_i_1_n_0
    SLICE_X57Y75         CARRY4 (Prop_carry4_CYINIT_CO[3])
                                                      0.580     9.881 r  cordic/cordic_pipeline[13].y_pipe_reg[14]0_carry/CO[3]
                         net (fo=1, estimated)        0.000     9.881    cordic/cordic_pipeline[13].y_pipe_reg[14]0_carry_n_0
    SLICE_X57Y76         CARRY4 (Prop_carry4_CI_CO[3])
                                                      0.114     9.995 r  cordic/cordic_pipeline[13].y_pipe_reg[14]0_carry__0/CO[3]
                         net (fo=1, estimated)        0.000     9.995    cordic/cordic_pipeline[13].y_pipe_reg[14]0_carry__0_n_0
    SLICE_X57Y77         CARRY4 (Prop_carry4_CI_CO[3])
                                                      0.114    10.109 r  cordic/cordic_pipeline[13].y_pipe_reg[14]0_carry__1/CO[3]
                         net (fo=1, estimated)        0.000    10.109    cordic/cordic_pipeline[13].y_pipe_reg[14]0_carry__1_n_0
    SLICE_X57Y78         CARRY4 (Prop_carry4_CI_CO[3])
                                                      0.114    10.223 r  cordic/cordic_pipeline[13].y_pipe_reg[14]0_carry__2/CO[3]
                         net (fo=1, estimated)        0.000    10.223    cordic/cordic_pipeline[13].y_pipe_reg[14]0_carry__2_n_0
    SLICE_X57Y79         CARRY4 (Prop_carry4_CI_O[0])
                                                      0.223    10.446 r  cordic/cordic_pipeline[13].y_pipe_reg[14]0_carry__3/O[0]
                         net (fo=1, routed)           0.000    10.446    cordic/cordic_pipeline[13].y_pipe_reg[14]0_carry__3_n_7
    SLICE_X57Y79         FDRE                                         r  cordic/cordic_pipeline[13].y_pipe_reg[14][16]/D
  -------------------------------------------------------------------    -------------------

                         (clock gclk rise edge)      10.000    10.000 r  
    N15                                               0.000    10.000 r  clk_100mhz (IN)
                         net (fo=0)                   0.000    10.000    clk_100mhz
    N15                  IBUF (Prop_ibuf_I_O)         1.370    11.370 r  clk_100mhz_IBUF_inst/O
                         net (fo=1, estimated)        1.873    13.244    clk_100mhz_IBUF
    BUFGCTRL_X0Y0        BUFG (Prop_bufg_I_O)         0.091    13.335 r  clk_100mhz_IBUF_BUFG_inst/O
                         net (fo=1055, estimated)     1.428    14.763    cordic/clk_100mhz_IBUF_BUFG
    SLICE_X57Y79         FDRE                                         r  cordic/cordic_pipeline[13].y_pipe_reg[14][16]/C
                         clock pessimism              0.254    15.016    
                         clock uncertainty           -0.035    14.981    
    SLICE_X57Y79         FDRE (Setup_fdre_C_D)        0.062    15.043    cordic/cordic_pipeline[13].y_pipe_reg[14][16]
  -------------------------------------------------------------------
                         required time                         15.043    
                         arrival time                         -10.446    
  -------------------------------------------------------------------
                         slack                                  4.597    




