Copyright 1986-2022 Xilinx, Inc. All Rights Reserved. Copyright 2022-2024 Advanced Micro Devices, Inc. All Rights Reserved.
---------------------------------------------------------------------------------------------------------------------------------------------
| Tool Version : Vivado v.2024.1 (lin64) Build 5076996 Wed May 22 18:36:09 MDT 2024
| Date         : Fri Oct  2 14:51:07 2026
| Host         : eecs-digital-48 running 64-bit Ubuntu 24.04.3 LTS
| Command      : report_timing -file obj/post_synth_timing.rpt
| Design       : top_level
| Device       : 7s50-csga324
| Speed File   : -1  PRODUCTION 1.23 2018-06-13
| Design State : Synthesized
---------------------------------------------------------------------------------------------------------------------------------------------

Timing Report

Slack (MET) :             4.033ns  (required time - arrival time)
  Source:                 cordic/cordic_pipeline[15].x_pipe_reg[16][0]/C
                            (rising edge-triggered cell FDRE clocked by gclk  {rise@0.000ns fall@4.000ns period=10.000ns})
  Destination:            cordic_fpga_to_psoc/cipo_internal_reg/D
                            (rising edge-triggered cell FDRE clocked by gclk  {rise@0.000ns fall@4.000ns period=10.000ns})
  Path Group:             gclk
  Path Type:              Setup (Max at Slow Process Corner)
  Requirement:            10.000ns  (gclk rise@10.000ns - gclk rise@0.000ns)
  Data Path Delay:        5.816ns  (logic 2.339ns (40.217%)  route 3.477ns (59.783%))
  Logic Levels:           7  (CARRY4=2 LUT1=1 LUT5=2 LUT6=2)
  Clock Path Skew:        -0.145ns (DCD - SCD + CPR)
    Destination Clock Delay (DCD):    2.660ns = ( 12.660 - 10.000 ) 
    Source Clock Delay      (SCD):    2.920ns
    Clock Pessimism Removal (CPR):    0.115ns
  Clock Uncertainty:      0.035ns  ((TSJ^2 + TIJ^2)^1/2 + DJ) / 2 + PE
    Total System Jitter     (TSJ):    0.071ns
    Total Input Jitter      (TIJ):    0.000ns
    Discrete Jitter          (DJ):    0.000ns
    Phase Error              (PE):    0.000ns

    Location             Delay type                Incr(ns)  Path(ns)    Netlist Resource(s)
  -------------------------------------------------------------------    -------------------
                         (clock gclk rise edge)       0.000     0.000 r  
    N15                                               0.000     0.000 r  clk_100mhz (IN)
                         net (fo=0)                   0.000     0.000    clk_100mhz
    N15                  IBUF (Prop_ibuf_I_O)         1.440     1.440 r  clk_100mhz_IBUF_inst/O
                         net (fo=1, unplaced)         0.800     2.240    clk_100mhz_IBUF
                         BUFG (Prop_bufg_I_O)         0.096     2.336 r  clk_100mhz_IBUF_BUFG_inst/O
                         net (fo=1101, unplaced)      0.584     2.920    cordic/clk_100mhz_IBUF_BUFG
                         FDRE                                         r  cordic/cordic_pipeline[15].x_pipe_reg[16][0]/C
  -------------------------------------------------------------------    -------------------
                         FDRE (Prop_fdre_C_Q)         0.456     3.376 f  cordic/cordic_pipeline[15].x_pipe_reg[16][0]/Q
                         net (fo=2, unplaced)         0.322     3.698    cordic/cordic_pipeline[15].x_pipe_reg[16]_59[0]
                         LUT1 (Prop_lut1_I0_O)        0.295     3.993 r  cordic/cipo_internal_i_40/O
                         net (fo=1, unplaced)         0.333     4.326    cordic/p_0_in[0]
                         CARRY4 (Prop_carry4_CYINIT_CO[3])
                                                      0.580     4.906 r  cordic/cipo_internal_reg_i_31/CO[3]
                         net (fo=1, unplaced)         0.009     4.915    cordic/cipo_internal_reg_i_31_n_0
                         CARRY4 (Prop_carry4_CI_O[3])
                                                      0.329     5.244 r  cordic/cipo_internal_reg_i_34/O[3]
                         net (fo=1, unplaced)         0.618     5.862    cordic/inp0[8]
                         LUT5 (Prop_lut5_I4_O)        0.307     6.169 r  cordic/cipo_internal_i_25/O
                         net (fo=1, unplaced)         1.111     7.280    cordic/cipo_internal_i_25_n_0
                         LUT6 (Prop_lut6_I5_O)        0.124     7.404 r  cordic/cipo_internal_i_8/O
                         net (fo=1, unplaced)         0.665     8.069    cordic/cipo_internal_i_8_n_0
                         LUT6 (Prop_lut6_I0_O)        0.124     8.193 f  cordic/cipo_internal_i_3/O
                         net (fo=1, unplaced)         0.419     8.612    cordic_fpga_to_psoc/cipo_internal_reg_0
                         LUT5 (Prop_lut5_I1_O)        0.124     8.736 r  cordic_fpga_to_psoc/cipo_internal_i_1/O
                         net (fo=1, unplaced)         0.000     8.736    cordic_fpga_to_psoc/cipo_internal_i_1_n_0
                         FDRE                                         r  cordic_fpga_to_psoc/cipo_internal_reg/D
  -------------------------------------------------------------------    -------------------

                         (clock gclk rise edge)      10.000    10.000 r  
    N15                                               0.000    10.000 r  clk_100mhz (IN)
                         net (fo=0)                   0.000    10.000    clk_100mhz
    N15                  IBUF (Prop_ibuf_I_O)         1.370    11.370 r  clk_100mhz_IBUF_inst/O
                         net (fo=1, unplaced)         0.760    12.130    clk_100mhz_IBUF
                         BUFG (Prop_bufg_I_O)         0.091    12.221 r  clk_100mhz_IBUF_BUFG_inst/O
                         net (fo=1101, unplaced)      0.439    12.660    cordic_fpga_to_psoc/clk_100mhz_IBUF_BUFG
                         FDRE                                         r  cordic_fpga_to_psoc/cipo_internal_reg/C
                         clock pessimism              0.115    12.775    
                         clock uncertainty           -0.035    12.740    
                         FDRE (Setup_fdre_C_D)        0.029    12.769    cordic_fpga_to_psoc/cipo_internal_reg
  -------------------------------------------------------------------
                         required time                         12.769    
                         arrival time                          -8.736    
  -------------------------------------------------------------------
                         slack                                  4.033    




