Copyright 1986-2022 Xilinx, Inc. All Rights Reserved. Copyright 2022-2024 Advanced Micro Devices, Inc. All Rights Reserved.
---------------------------------------------------------------------------------------------------------------------------------------------
| Tool Version : Vivado v.2024.1 (lin64) Build 5076996 Wed May 22 18:36:09 MDT 2024
| Date         : Wed Oct  7 10:41:58 2026
| Host         : biomech-Ubuntu-24-04-PC-Q35-ICH9-2009 running 64-bit Ubuntu 22.04.5 LTS
| Command      : report_timing_summary -file obj/post_route_timing_summary.rpt
| Design       : top_level
| Device       : 7s50-csga324
| Speed File   : -1  PRODUCTION 1.23 2018-06-13
| Design State : Routed
---------------------------------------------------------------------------------------------------------------------------------------------

Timing Summary Report

------------------------------------------------------------------------------------------------
| Timer Settings
| --------------
------------------------------------------------------------------------------------------------

  Enable Multi Corner Analysis               :  Yes
  Enable Pessimism Removal                   :  Yes
  Pessimism Removal Resolution               :  Nearest Common Node
  Enable Input Delay Default Clock           :  No
  Enable Preset / Clear Arcs                 :  No
  Disable Flight Delays                      :  No
  Ignore I/O Paths                           :  No
  Timing Early Launch at Borrowing Latches   :  No
  Borrow Time for Max Delay Exceptions       :  Yes
  Merge Timing Exceptions                    :  Yes
  Inter-SLR Compensation                     :  Conservative

  Corner  Analyze    Analyze    
  Name    Max Paths  Min Paths  
  ------  ---------  ---------  
  Slow    Yes        Yes        
  Fast    Yes        Yes        


------------------------------------------------------------------------------------------------
| Report Methodology
| ------------------
------------------------------------------------------------------------------------------------

No report available as report_methodology has not been run prior. Run report_methodology on the current design for the summary of methodology violations.



check_timing report

Table of Contents
-----------------
1. checking no_clock (0)
2. checking constant_clock (0)
3. checking pulse_width_clock (0)
4. checking unconstrained_internal_endpoints (0)
5. checking no_input_delay (5)
6. checking no_output_delay (24)
7. checking multiple_clock (0)
8. checking generated_clocks (0)
9. checking loops (0)
10. checking partial_input_delay (0)
11. checking partial_output_delay (0)
12. checking latch_loops (0)

1. checking no_clock (0)
------------------------
 There are 0 register/latch pins with no clock.


2. checking constant_clock (0)
------------------------------
 There are 0 register/latch pins with constant_clock.


3. checking pulse_width_clock (0)
---------------------------------
 There are 0 register/latch pins which need pulse_width check


4. checking unconstrained_internal_endpoints (0)
------------------------------------------------
 There are 0 pins that are not constrained for maximum delay.

 There are 0 pins that are not constrained for maximum delay due to constant clock.


5. checking no_input_delay (5)
------------------------------
 There are 5 input ports with no input delay specified. (HIGH)

 There are 0 input ports with no input delay but user has a false path constraint.


6. checking no_output_delay (24)
--------------------------------
 There are 24 ports with no output delay specified. (HIGH)

 There are 0 ports with no output delay but user has a false path constraint

 There are 0 ports with no output delay but with a timing clock defined on it or propagating through it


7. checking multiple_clock (0)
------------------------------
 There are 0 register/latch pins with multiple clocks.


8. checking generated_clocks (0)
--------------------------------
 There are 0 generated clocks that are not connected to a clock source.


9. checking loops (0)
---------------------
 There are 0 combinational loops in the design.


10. checking partial_input_delay (0)
------------------------------------
 There are 0 input ports with partial input delay specified.


11. checking partial_output_delay (0)
-------------------------------------
 There are 0 ports with partial output delay specified.


12. checking latch_loops (0)
----------------------------
 There are 0 combinational latch loops in the design through latch input



------------------------------------------------------------------------------------------------
| Design Timing Summary
| ---------------------
------------------------------------------------------------------------------------------------

    WNS(ns)      TNS(ns)  TNS Failing Endpoints  TNS Total Endpoints      WHS(ns)      THS(ns)  THS Failing Endpoints  THS Total Endpoints     WPWS(ns)     TPWS(ns)  TPWS Failing Endpoints  TPWS Total Endpoints  
    -------      -------  ---------------------  -------------------      -------      -------  ---------------------  -------------------     --------     --------  ----------------------  --------------------  
      3.821        0.000                      0                 1546        0.034        0.000                      0                 1546        3.500        0.000                       0                  1291  


All user specified timing constraints are met.


------------------------------------------------------------------------------------------------
| Clock Summary
| -------------
------------------------------------------------------------------------------------------------

Clock  Waveform(ns)       Period(ns)      Frequency(MHz)
-----  ------------       ----------      --------------
gclk   {0.000 4.000}      10.000          100.000         


------------------------------------------------------------------------------------------------
| Intra Clock Table
| -----------------
------------------------------------------------------------------------------------------------

Clock             WNS(ns)      TNS(ns)  TNS Failing Endpoints  TNS Total Endpoints      WHS(ns)      THS(ns)  THS Failing Endpoints  THS Total Endpoints     WPWS(ns)     TPWS(ns)  TPWS Failing Endpoints  TPWS Total Endpoints  
-----             -------      -------  ---------------------  -------------------      -------      -------  ---------------------  -------------------     --------     --------  ----------------------  --------------------  
gclk                3.821        0.000                      0                 1546        0.034        0.000                      0                 1546        3.500        0.000                       0                  1291  


------------------------------------------------------------------------------------------------
| Inter Clock Table
| -----------------
------------------------------------------------------------------------------------------------

From Clock    To Clock          WNS(ns)      TNS(ns)  TNS Failing Endpoints  TNS Total Endpoints      WHS(ns)      THS(ns)  THS Failing Endpoints  THS Total Endpoints  
----------    --------          -------      -------  ---------------------  -------------------      -------      -------  ---------------------  -------------------  


------------------------------------------------------------------------------------------------
| Other Path Groups Table
| -----------------------
------------------------------------------------------------------------------------------------

Path Group    From Clock    To Clock          WNS(ns)      TNS(ns)  TNS Failing Endpoints  TNS Total Endpoints      WHS(ns)      THS(ns)  THS Failing Endpoints  THS Total Endpoints  
----------    ----------    --------          -------      -------  ---------------------  -------------------      -------      -------  ---------------------  -------------------  


------------------------------------------------------------------------------------------------
| Timing Details
| --------------
------------------------------------------------------------------------------------------------


---------------------------------------------------------------------------------------------------
From Clock:  gclk
  To Clock:  gclk

Setup :            0  Failing Endpoints,  Worst Slack        3.821ns,  Total Violation        0.000ns
Hold  :            0  Failing Endpoints,  Worst Slack        0.034ns,  Total Violation        0.000ns
PW    :            0  Failing Endpoints,  Worst Slack        3.500ns,  Total Violation        0.000ns
---------------------------------------------------------------------------------------------------


Max Delay Paths
--------------------------------------------------------------------------------------
Slack (MET) :             3.821ns  (required time - arrival time)
  Source:                 multiple_continuous_signal_gen/u_sin/cordic/cordic_pipeline[1].total_angle_pipe_reg[2][11]/C
                            (rising edge-triggered cell FDRE clocked by gclk  {rise@0.000ns fall@4.000ns period=10.000ns})
  Destination:            multiple_continuous_signal_gen/u_sin/cordic/cordic_pipeline[2].x_pipe_reg[3][16]/D
                            (rising edge-triggered cell FDRE clocked by gclk  {rise@0.000ns fall@4.000ns period=10.000ns})
  Path Group:             gclk
  Path Type:              Setup (Max at Slow Process Corner)
  Requirement:            10.000ns  (gclk rise@10.000ns - gclk rise@0.000ns)
  Data Path Delay:        6.166ns  (logic 2.431ns (39.424%)  route 3.735ns (60.576%))
  Logic Levels:           9  (CARRY4=7 LUT3=2)
  Clock Path Skew:        -0.039ns (DCD - SCD + CPR)
    Destination Clock Delay (DCD):    4.841ns = ( 14.841 - 10.000 ) 
    Source Clock Delay      (SCD):    5.138ns
    Clock Pessimism Removal (CPR):    0.259ns
  Clock Uncertainty:      0.035ns  ((TSJ^2 + TIJ^2)^1/2 + DJ) / 2 + PE
    Total System Jitter     (TSJ):    0.071ns
    Total Input Jitter      (TIJ):    0.000ns
    Discrete Jitter          (DJ):    0.000ns
    Phase Error              (PE):    0.000ns

    Location             Delay type                Incr(ns)  Path(ns)    Netlist Resource(s)
  -------------------------------------------------------------------    -------------------
                         (clock gclk rise edge)       0.000     0.000 r  
    N15                                               0.000     0.000 r  clk_100mhz (IN)
                         net (fo=0)                   0.000     0.000    clk_100mhz
    N15                  IBUF (Prop_ibuf_I_O)         1.440     1.440 r  clk_100mhz_IBUF_inst/O
                         net (fo=1, routed)           1.972     3.412    clk_100mhz_IBUF
    BUFGCTRL_X0Y0        BUFG (Prop_bufg_I_O)         0.096     3.508 r  clk_100mhz_IBUF_BUFG_inst/O
                         net (fo=1290, routed)        1.630     5.138    multiple_continuous_signal_gen/u_sin/cordic/clk_100mhz_IBUF_BUFG
    SLICE_X7Y35          FDRE                                         r  multiple_continuous_signal_gen/u_sin/cordic/cordic_pipeline[1].total_angle_pipe_reg[2][11]/C
  -------------------------------------------------------------------    -------------------
    SLICE_X7Y35          FDRE (Prop_fdre_C_Q)         0.456     5.594 r  multiple_continuous_signal_gen/u_sin/cordic/cordic_pipeline[1].total_angle_pipe_reg[2][11]/Q
                         net (fo=17, routed)          1.063     6.658    multiple_continuous_signal_gen/u_sin/cordic/cordic_pipeline[1].total_angle_pipe_reg[2]_5[11]
    SLICE_X8Y39          LUT3 (Prop_lut3_I2_O)        0.124     6.782 r  multiple_continuous_signal_gen/u_sin/cordic/cordic_pipeline[2].total_angle_pipe[3][2]_i_17/O
                         net (fo=1, routed)           0.000     6.782    multiple_continuous_signal_gen/u_sin/cordic/cordic_pipeline[2].total_angle_pipe[3][2]_i_17_n_0
    SLICE_X8Y39          CARRY4 (Prop_carry4_S[1]_CO[3])
                                                      0.533     7.315 r  multiple_continuous_signal_gen/u_sin/cordic/cordic_pipeline[2].total_angle_pipe_reg[3][2]_i_2/CO[3]
                         net (fo=1, routed)           0.000     7.315    multiple_continuous_signal_gen/u_sin/cordic/cordic_pipeline[2].total_angle_pipe_reg[3][2]_i_2_n_0
    SLICE_X8Y40          CARRY4 (Prop_carry4_CI_CO[3])
                                                      0.117     7.432 r  multiple_continuous_signal_gen/u_sin/cordic/cordic_pipeline[2].total_angle_pipe_reg[3][2]_i_1/CO[3]
                         net (fo=42, routed)          2.672    10.104    multiple_continuous_signal_gen/u_sin/cordic/cordic_pipeline[2].total_angle_pipe_reg[3][2]_i_1_n_0
    SLICE_X1Y28          LUT3 (Prop_lut3_I2_O)        0.124    10.228 r  multiple_continuous_signal_gen/u_sin/cordic/cordic_pipeline[2].x_pipe[3][2]_i_2/O
                         net (fo=1, routed)           0.000    10.228    multiple_continuous_signal_gen/u_sin/cordic/cordic_pipeline[2].x_pipe[3][2]_i_2_n_0
    SLICE_X1Y28          CARRY4 (Prop_carry4_S[3]_CO[3])
                                                      0.401    10.629 r  multiple_continuous_signal_gen/u_sin/cordic/cordic_pipeline[2].x_pipe_reg[3][2]_i_1/CO[3]
                         net (fo=1, routed)           0.000    10.629    multiple_continuous_signal_gen/u_sin/cordic/cordic_pipeline[2].x_pipe_reg[3][2]_i_1_n_0
    SLICE_X1Y29          CARRY4 (Prop_carry4_CI_CO[3])
                                                      0.114    10.743 r  multiple_continuous_signal_gen/u_sin/cordic/cordic_pipeline[2].x_pipe_reg[3][6]_i_1/CO[3]
                         net (fo=1, routed)           0.000    10.743    multiple_continuous_signal_gen/u_sin/cordic/cordic_pipeline[2].x_pipe_reg[3][6]_i_1_n_0
    SLICE_X1Y30          CARRY4 (Prop_carry4_CI_CO[3])
                                                      0.114    10.857 r  multiple_continuous_signal_gen/u_sin/cordic/cordic_pipeline[2].x_pipe_reg[3][10]_i_1/CO[3]
                         net (fo=1, routed)           0.000    10.857    multiple_continuous_signal_gen/u_sin/cordic/cordic_pipeline[2].x_pipe_reg[3][10]_i_1_n_0
    SLICE_X1Y31          CARRY4 (Prop_carry4_CI_CO[3])
                                                      0.114    10.971 r  multiple_continuous_signal_gen/u_sin/cordic/cordic_pipeline[2].x_pipe_reg[3][14]_i_1/CO[3]
                         net (fo=1, routed)           0.000    10.971    multiple_continuous_signal_gen/u_sin/cordic/cordic_pipeline[2].x_pipe_reg[3][14]_i_1_n_0
    SLICE_X1Y32          CARRY4 (Prop_carry4_CI_O[1])
                                                      0.334    11.305 r  multiple_continuous_signal_gen/u_sin/cordic/cordic_pipeline[2].x_pipe_reg[3][16]_i_1/O[1]
                         net (fo=1, routed)           0.000    11.305    multiple_continuous_signal_gen/u_sin/cordic/cordic_pipeline[2].x_pipe_reg[3][16]_i_1_n_6
    SLICE_X1Y32          FDRE                                         r  multiple_continuous_signal_gen/u_sin/cordic/cordic_pipeline[2].x_pipe_reg[3][16]/D
  -------------------------------------------------------------------    -------------------

                         (clock gclk rise edge)      10.000    10.000 r  
    N15                                               0.000    10.000 r  clk_100mhz (IN)
                         net (fo=0)                   0.000    10.000    clk_100mhz
    N15                  IBUF (Prop_ibuf_I_O)         1.370    11.370 r  clk_100mhz_IBUF_inst/O
                         net (fo=1, routed)           1.868    13.238    clk_100mhz_IBUF
    BUFGCTRL_X0Y0        BUFG (Prop_bufg_I_O)         0.091    13.329 r  clk_100mhz_IBUF_BUFG_inst/O
                         net (fo=1290, routed)        1.511    14.841    multiple_continuous_signal_gen/u_sin/cordic/clk_100mhz_IBUF_BUFG
    SLICE_X1Y32          FDRE                                         r  multiple_continuous_signal_gen/u_sin/cordic/cordic_pipeline[2].x_pipe_reg[3][16]/C
                         clock pessimism              0.259    15.099    
                         clock uncertainty           -0.035    15.064    
    SLICE_X1Y32          FDRE (Setup_fdre_C_D)        0.062    15.126    multiple_continuous_signal_gen/u_sin/cordic/cordic_pipeline[2].x_pipe_reg[3][16]
  -------------------------------------------------------------------
                         required time                         15.126    
                         arrival time                         -11.305    
  -------------------------------------------------------------------
                         slack                                  3.821    





Min Delay Paths
--------------------------------------------------------------------------------------
Slack (MET) :             0.034ns  (arrival time - required time)
  Source:                 multiple_continuous_signal_gen/u_sin/cordic/cordic_pipeline[12].x_pipe_reg[13][14]/C
                            (rising edge-triggered cell FDRE clocked by gclk  {rise@0.000ns fall@4.000ns period=10.000ns})
  Destination:            multiple_continuous_signal_gen/u_sin/cordic/cordic_pipeline[13].x_pipe_reg[14][15]/D
                            (rising edge-triggered cell FDRE clocked by gclk  {rise@0.000ns fall@4.000ns period=10.000ns})
  Path Group:             gclk
  Path Type:              Hold (Min at Fast Process Corner)
  Requirement:            0.000ns  (gclk rise@0.000ns - gclk rise@0.000ns)
  Data Path Delay:        0.436ns  (logic 0.311ns (71.286%)  route 0.125ns (28.714%))
  Logic Levels:           2  (CARRY4=2)
  Clock Path Skew:        0.268ns (DCD - SCD - CPR)
    Destination Clock Delay (DCD):    1.948ns
    Source Clock Delay      (SCD):    1.435ns
    Clock Pessimism Removal (CPR):    0.245ns

    Location             Delay type                Incr(ns)  Path(ns)    Netlist Resource(s)
  -------------------------------------------------------------------    -------------------
                         (clock gclk rise edge)       0.000     0.000 r  
    N15                                               0.000     0.000 r  clk_100mhz (IN)
                         net (fo=0)                   0.000     0.000    clk_100mhz
    N15                  IBUF (Prop_ibuf_I_O)         0.209     0.209 r  clk_100mhz_IBUF_inst/O
                         net (fo=1, routed)           0.634     0.843    clk_100mhz_IBUF
    BUFGCTRL_X0Y0        BUFG (Prop_bufg_I_O)         0.026     0.869 r  clk_100mhz_IBUF_BUFG_inst/O
                         net (fo=1290, routed)        0.567     1.435    multiple_continuous_signal_gen/u_sin/cordic/clk_100mhz_IBUF_BUFG
    SLICE_X13Y48         FDRE                                         r  multiple_continuous_signal_gen/u_sin/cordic/cordic_pipeline[12].x_pipe_reg[13][14]/C
  -------------------------------------------------------------------    -------------------
    SLICE_X13Y48         FDRE (Prop_fdre_C_Q)         0.141     1.576 r  multiple_continuous_signal_gen/u_sin/cordic/cordic_pipeline[12].x_pipe_reg[13][14]/Q
                         net (fo=3, routed)           0.125     1.701    multiple_continuous_signal_gen/u_sin/cordic/cordic_pipeline[12].x_pipe_reg[13]_46[14]
    SLICE_X14Y49         CARRY4 (Prop_carry4_DI[3]_CO[3])
                                                      0.117     1.818 r  multiple_continuous_signal_gen/u_sin/cordic/cordic_pipeline[13].x_pipe_reg[14][14]_i_1/CO[3]
                         net (fo=1, routed)           0.001     1.819    multiple_continuous_signal_gen/u_sin/cordic/cordic_pipeline[13].x_pipe_reg[14][14]_i_1_n_0
    SLICE_X14Y50         CARRY4 (Prop_carry4_CI_O[0])
                                                      0.053     1.872 r  multiple_continuous_signal_gen/u_sin/cordic/cordic_pipeline[13].x_pipe_reg[14][16]_i_1/O[0]
                         net (fo=1, routed)           0.000     1.872    multiple_continuous_signal_gen/u_sin/cordic/cordic_pipeline[13].x_pipe_reg[14][16]_i_1_n_7
    SLICE_X14Y50         FDRE                                         r  multiple_continuous_signal_gen/u_sin/cordic/cordic_pipeline[13].x_pipe_reg[14][15]/D
  -------------------------------------------------------------------    -------------------

                         (clock gclk rise edge)       0.000     0.000 r  
    N15                                               0.000     0.000 r  clk_100mhz (IN)
                         net (fo=0)                   0.000     0.000    clk_100mhz
    N15                  IBUF (Prop_ibuf_I_O)         0.396     0.396 r  clk_100mhz_IBUF_inst/O
                         net (fo=1, routed)           0.689     1.085    clk_100mhz_IBUF
    BUFGCTRL_X0Y0        BUFG (Prop_bufg_I_O)         0.029     1.114 r  clk_100mhz_IBUF_BUFG_inst/O
                         net (fo=1290, routed)        0.834     1.948    multiple_continuous_signal_gen/u_sin/cordic/clk_100mhz_IBUF_BUFG
    SLICE_X14Y50         FDRE                                         r  multiple_continuous_signal_gen/u_sin/cordic/cordic_pipeline[13].x_pipe_reg[14][15]/C
                         clock pessimism             -0.245     1.703    
    SLICE_X14Y50         FDRE (Hold_fdre_C_D)         0.134     1.837    multiple_continuous_signal_gen/u_sin/cordic/cordic_pipeline[13].x_pipe_reg[14][15]
  -------------------------------------------------------------------
                         required time                         -1.837    
                         arrival time                           1.872    
  -------------------------------------------------------------------
                         slack                                  0.034    





Pulse Width Checks
--------------------------------------------------------------------------------------
Clock Name:         gclk
Waveform(ns):       { 0.000 4.000 }
Period(ns):         10.000
Sources:            { clk_100mhz }

Check Type        Corner  Lib Pin  Reference Pin  Required(ns)  Actual(ns)  Slack(ns)  Location       Pin
Min Period        n/a     BUFG/I   n/a            2.155         10.000      7.845      BUFGCTRL_X0Y0  clk_100mhz_IBUF_BUFG_inst/I
Low Pulse Width   Slow    FDRE/C   n/a            0.500         6.000       5.500      SLICE_X0Y80    blink_counter_reg[0]/C
High Pulse Width  Slow    FDRE/C   n/a            0.500         4.000       3.500      SLICE_X0Y80    blink_counter_reg[0]/C



