Copyright 1986-2022 Xilinx, Inc. All Rights Reserved. Copyright 2022-2024 Advanced Micro Devices, Inc. All Rights Reserved.
---------------------------------------------------------------------------------------------------------------------------------------------
| Tool Version : Vivado v.2024.1 (lin64) Build 5076996 Wed May 22 18:36:09 MDT 2024
| Date         : Fri Oct  2 14:51:15 2026
| Host         : eecs-digital-48 running 64-bit Ubuntu 24.04.3 LTS
| Command      : report_timing_summary -file obj/post_place_timing_summary.rpt
| Design       : top_level
| Device       : 7s50-csga324
| Speed File   : -1  PRODUCTION 1.23 2018-06-13
| Design State : Fully Placed
---------------------------------------------------------------------------------------------------------------------------------------------

Timing Summary Report

------------------------------------------------------------------------------------------------
| Timer Settings
| --------------
------------------------------------------------------------------------------------------------

  Enable Multi Corner Analysis               :  Yes
  Enable Pessimism Removal                   :  Yes
  Pessimism Removal Resolution               :  Nearest Common Node
  Enable Input Delay Default Clock           :  No
  Enable Preset / Clear Arcs                 :  No
  Disable Flight Delays                      :  No
  Ignore I/O Paths                           :  No
  Timing Early Launch at Borrowing Latches   :  No
  Borrow Time for Max Delay Exceptions       :  Yes
  Merge Timing Exceptions                    :  Yes
  Inter-SLR Compensation                     :  Conservative

  Corner  Analyze    Analyze    
  Name    Max Paths  Min Paths  
  ------  ---------  ---------  
  Slow    Yes        Yes        
  Fast    Yes        Yes        


------------------------------------------------------------------------------------------------
| Report Methodology
| ------------------
------------------------------------------------------------------------------------------------

No report available as report_methodology has not been run prior. Run report_methodology on the current design for the summary of methodology violations.



check_timing report

Table of Contents
-----------------
1. checking no_clock (0)
2. checking constant_clock (0)
3. checking pulse_width_clock (0)
4. checking unconstrained_internal_endpoints (0)
5. checking no_input_delay (5)
6. checking no_output_delay (25)
7. checking multiple_clock (0)
8. checking generated_clocks (0)
9. checking loops (0)
10. checking partial_input_delay (0)
11. checking partial_output_delay (0)
12. checking latch_loops (0)

1. checking no_clock (0)
------------------------
 There are 0 register/latch pins with no clock.


2. checking constant_clock (0)
------------------------------
 There are 0 register/latch pins with constant_clock.


3. checking pulse_width_clock (0)
---------------------------------
 There are 0 register/latch pins which need pulse_width check


4. checking unconstrained_internal_endpoints (0)
------------------------------------------------
 There are 0 pins that are not constrained for maximum delay.

 There are 0 pins that are not constrained for maximum delay due to constant clock.


5. checking no_input_delay (5)
------------------------------
 There are 5 input ports with no input delay specified. (HIGH)

 There are 0 input ports with no input delay but user has a false path constraint.


6. checking no_output_delay (25)
--------------------------------
 There are 25 ports with no output delay specified. (HIGH)

 There are 0 ports with no output delay but user has a false path constraint

 There are 0 ports with no output delay but with a timing clock defined on it or propagating through it


7. checking multiple_clock (0)
------------------------------
 There are 0 register/latch pins with multiple clocks.


8. checking generated_clocks (0)
--------------------------------
 There are 0 generated clocks that are not connected to a clock source.


9. checking loops (0)
---------------------
 There are 0 combinational loops in the design.


10. checking partial_input_delay (0)
------------------------------------
 There are 0 input ports with partial input delay specified.


11. checking partial_output_delay (0)
-------------------------------------
 There are 0 ports with partial output delay specified.


12. checking latch_loops (0)
----------------------------
 There are 0 combinational latch loops in the design through latch input



------------------------------------------------------------------------------------------------
| Design Timing Summary
| ---------------------
------------------------------------------------------------------------------------------------

    WNS(ns)      TNS(ns)  TNS Failing Endpoints  TNS Total Endpoints      WHS(ns)      THS(ns)  THS Failing Endpoints  THS Total Endpoints     WPWS(ns)     TPWS(ns)  TPWS Failing Endpoints  TPWS Total Endpoints  
    -------      -------  ---------------------  -------------------      -------      -------  ---------------------  -------------------     --------     --------  ----------------------  --------------------  
      3.531        0.000                      0                 1259        0.179        0.000                      0                 1259        3.020        0.000                       0                  1106  


All user specified timing constraints are met.


------------------------------------------------------------------------------------------------
| Clock Summary
| -------------
------------------------------------------------------------------------------------------------

Clock  Waveform(ns)       Period(ns)      Frequency(MHz)
-----  ------------       ----------      --------------
gclk   {0.000 4.000}      10.000          100.000         


------------------------------------------------------------------------------------------------
| Intra Clock Table
| -----------------
------------------------------------------------------------------------------------------------

Clock             WNS(ns)      TNS(ns)  TNS Failing Endpoints  TNS Total Endpoints      WHS(ns)      THS(ns)  THS Failing Endpoints  THS Total Endpoints     WPWS(ns)     TPWS(ns)  TPWS Failing Endpoints  TPWS Total Endpoints  
-----             -------      -------  ---------------------  -------------------      -------      -------  ---------------------  -------------------     --------     --------  ----------------------  --------------------  
gclk                3.531        0.000                      0                 1259        0.179        0.000                      0                 1259        3.020        0.000                       0                  1106  


------------------------------------------------------------------------------------------------
| Inter Clock Table
| -----------------
------------------------------------------------------------------------------------------------

From Clock    To Clock          WNS(ns)      TNS(ns)  TNS Failing Endpoints  TNS Total Endpoints      WHS(ns)      THS(ns)  THS Failing Endpoints  THS Total Endpoints  
----------    --------          -------      -------  ---------------------  -------------------      -------      -------  ---------------------  -------------------  


------------------------------------------------------------------------------------------------
| Other Path Groups Table
| -----------------------
------------------------------------------------------------------------------------------------

Path Group    From Clock    To Clock          WNS(ns)      TNS(ns)  TNS Failing Endpoints  TNS Total Endpoints      WHS(ns)      THS(ns)  THS Failing Endpoints  THS Total Endpoints  
----------    ----------    --------          -------      -------  ---------------------  -------------------      -------      -------  ---------------------  -------------------  


------------------------------------------------------------------------------------------------
| Timing Details
| --------------
------------------------------------------------------------------------------------------------


---------------------------------------------------------------------------------------------------
From Clock:  gclk
  To Clock:  gclk

Setup :            0  Failing Endpoints,  Worst Slack        3.531ns,  Total Violation        0.000ns
Hold  :            0  Failing Endpoints,  Worst Slack        0.179ns,  Total Violation        0.000ns
PW    :            0  Failing Endpoints,  Worst Slack        3.020ns,  Total Violation        0.000ns
---------------------------------------------------------------------------------------------------


Max Delay Paths
--------------------------------------------------------------------------------------
Slack (MET) :             3.531ns  (required time - arrival time)
  Source:                 cordic/cordic_pipeline[15].x_pipe_reg[16][0]/C
                            (rising edge-triggered cell FDRE clocked by gclk  {rise@0.000ns fall@4.000ns period=10.000ns})
  Destination:            cordic_fpga_to_psoc/cipo_internal_reg/D
                            (rising edge-triggered cell FDRE clocked by gclk  {rise@0.000ns fall@4.000ns period=10.000ns})
  Path Group:             gclk
  Path Type:              Setup (Max at Slow Process Corner)
  Requirement:            10.000ns  (gclk rise@10.000ns - gclk rise@0.000ns)
  Data Path Delay:        6.430ns  (logic 2.607ns (40.544%)  route 3.823ns (59.456%))
  Logic Levels:           9  (CARRY4=4 LUT1=1 LUT4=1 LUT5=2 LUT6=1)
  Clock Path Skew:        -0.033ns (DCD - SCD + CPR)
    Destination Clock Delay (DCD):    4.834ns = ( 14.834 - 10.000 ) 
    Source Clock Delay      (SCD):    5.120ns
    Clock Pessimism Removal (CPR):    0.254ns
  Clock Uncertainty:      0.035ns  ((TSJ^2 + TIJ^2)^1/2 + DJ) / 2 + PE
    Total System Jitter     (TSJ):    0.071ns
    Total Input Jitter      (TIJ):    0.000ns
    Discrete Jitter          (DJ):    0.000ns
    Phase Error              (PE):    0.000ns

    Location             Delay type                Incr(ns)  Path(ns)    Netlist Resource(s)
  -------------------------------------------------------------------    -------------------
                         (clock gclk rise edge)       0.000     0.000 r  
    N15                                               0.000     0.000 r  clk_100mhz (IN)
                         net (fo=0)                   0.000     0.000    clk_100mhz
    N15                  IBUF (Prop_ibuf_I_O)         1.440     1.440 r  clk_100mhz_IBUF_inst/O
                         net (fo=1, estimated)        1.972     3.412    clk_100mhz_IBUF
    BUFGCTRL_X0Y0        BUFG (Prop_bufg_I_O)         0.096     3.508 r  clk_100mhz_IBUF_BUFG_inst/O
                         net (fo=1105, estimated)     1.612     5.120    cordic/clk_100mhz_IBUF_BUFG
    SLICE_X4Y67          FDRE                                         r  cordic/cordic_pipeline[15].x_pipe_reg[16][0]/C
  -------------------------------------------------------------------    -------------------
    SLICE_X4Y67          FDRE (Prop_fdre_C_Q)         0.456     5.576 f  cordic/cordic_pipeline[15].x_pipe_reg[16][0]/Q
                         net (fo=2, estimated)        0.442     6.018    cordic/cordic_pipeline[15].x_pipe_reg[16]_59[0]
    SLICE_X1Y67          LUT1 (Prop_lut1_I0_O)        0.124     6.142 r  cordic/cipo_internal_i_40/O
                         net (fo=1, estimated)        0.528     6.670    cordic/p_0_in[0]
    SLICE_X5Y67          CARRY4 (Prop_carry4_CYINIT_CO[3])
                                                      0.580     7.250 r  cordic/cipo_internal_reg_i_31/CO[3]
                         net (fo=1, estimated)        0.000     7.250    cordic/cipo_internal_reg_i_31_n_0
    SLICE_X5Y68          CARRY4 (Prop_carry4_CI_CO[3])
                                                      0.114     7.364 r  cordic/cipo_internal_reg_i_34/CO[3]
                         net (fo=1, estimated)        0.000     7.364    cordic/cipo_internal_reg_i_34_n_0
    SLICE_X5Y69          CARRY4 (Prop_carry4_CI_CO[3])
                                                      0.114     7.478 r  cordic/cipo_internal_reg_i_35/CO[3]
                         net (fo=1, estimated)        0.000     7.478    cordic/cipo_internal_reg_i_35_n_0
    SLICE_X5Y70          CARRY4 (Prop_carry4_CI_O[3])
                                                      0.313     7.791 f  cordic/cipo_internal_reg_i_26/O[3]
                         net (fo=3, estimated)        0.760     8.551    cordic/inp0[16]
    SLICE_X6Y70          LUT5 (Prop_lut5_I1_O)        0.306     8.857 f  cordic/cipo_internal_i_27/O
                         net (fo=3, estimated)        0.990     9.847    cordic_fpga_to_psoc/cipo_internal_i_3
    SLICE_X2Y66          LUT4 (Prop_lut4_I2_O)        0.148     9.995 f  cordic_fpga_to_psoc/cipo_internal_i_12/O
                         net (fo=1, estimated)        0.505    10.500    cordic/cipo_internal_reg_0
    SLICE_X2Y66          LUT6 (Prop_lut6_I5_O)        0.328    10.828 f  cordic/cipo_internal_i_3/O
                         net (fo=1, estimated)        0.598    11.426    cordic_fpga_to_psoc/cipo_internal_reg_0
    SLICE_X1Y65          LUT5 (Prop_lut5_I1_O)        0.124    11.550 r  cordic_fpga_to_psoc/cipo_internal_i_1/O
                         net (fo=1, routed)           0.000    11.550    cordic_fpga_to_psoc/cipo_internal_i_1_n_0
    SLICE_X1Y65          FDRE                                         r  cordic_fpga_to_psoc/cipo_internal_reg/D
  -------------------------------------------------------------------    -------------------

                         (clock gclk rise edge)      10.000    10.000 r  
    N15                                               0.000    10.000 r  clk_100mhz (IN)
                         net (fo=0)                   0.000    10.000    clk_100mhz
    N15                  IBUF (Prop_ibuf_I_O)         1.370    11.370 r  clk_100mhz_IBUF_inst/O
                         net (fo=1, estimated)        1.873    13.244    clk_100mhz_IBUF
    BUFGCTRL_X0Y0        BUFG (Prop_bufg_I_O)         0.091    13.335 r  clk_100mhz_IBUF_BUFG_inst/O
                         net (fo=1105, estimated)     1.499    14.834    cordic_fpga_to_psoc/clk_100mhz_IBUF_BUFG
    SLICE_X1Y65          FDRE                                         r  cordic_fpga_to_psoc/cipo_internal_reg/C
                         clock pessimism              0.254    15.087    
                         clock uncertainty           -0.035    15.052    
    SLICE_X1Y65          FDRE (Setup_fdre_C_D)        0.029    15.081    cordic_fpga_to_psoc/cipo_internal_reg
  -------------------------------------------------------------------
                         required time                         15.081    
                         arrival time                         -11.550    
  -------------------------------------------------------------------
                         slack                                  3.531    





Min Delay Paths
--------------------------------------------------------------------------------------
Slack (MET) :             0.179ns  (arrival time - required time)
  Source:                 cordic/cordic_pipeline[11].desired_angle_pipe_reg[12][9]/C
                            (rising edge-triggered cell FDRE clocked by gclk  {rise@0.000ns fall@4.000ns period=10.000ns})
  Destination:            cordic/cordic_pipeline[12].desired_angle_pipe_reg[13][9]/D
                            (rising edge-triggered cell FDRE clocked by gclk  {rise@0.000ns fall@4.000ns period=10.000ns})
  Path Group:             gclk
  Path Type:              Hold (Min at Fast Process Corner)
  Requirement:            0.000ns  (gclk rise@0.000ns - gclk rise@0.000ns)
  Data Path Delay:        0.297ns  (logic 0.141ns (47.548%)  route 0.156ns (52.452%))
  Logic Levels:           0  
  Clock Path Skew:        0.040ns (DCD - SCD - CPR)
    Destination Clock Delay (DCD):    2.160ns
    Source Clock Delay      (SCD):    1.652ns
    Clock Pessimism Removal (CPR):    0.468ns

    Location             Delay type                Incr(ns)  Path(ns)    Netlist Resource(s)
  -------------------------------------------------------------------    -------------------
                         (clock gclk rise edge)       0.000     0.000 r  
    N15                                               0.000     0.000 r  clk_100mhz (IN)
                         net (fo=0)                   0.000     0.000    clk_100mhz
    N15                  IBUF (Prop_ibuf_I_O)         0.209     0.209 r  clk_100mhz_IBUF_inst/O
                         net (fo=1, estimated)        0.831     1.040    clk_100mhz_IBUF
    BUFGCTRL_X0Y0        BUFG (Prop_bufg_I_O)         0.026     1.066 r  clk_100mhz_IBUF_BUFG_inst/O
                         net (fo=1105, estimated)     0.586     1.652    cordic/clk_100mhz_IBUF_BUFG
    SLICE_X4Y60          FDRE                                         r  cordic/cordic_pipeline[11].desired_angle_pipe_reg[12][9]/C
  -------------------------------------------------------------------    -------------------
    SLICE_X4Y60          FDRE (Prop_fdre_C_Q)         0.141     1.793 r  cordic/cordic_pipeline[11].desired_angle_pipe_reg[12][9]/Q
                         net (fo=3, estimated)        0.156     1.948    cordic/cordic_pipeline[11].desired_angle_pipe_reg[12]_45[9]
    SLICE_X3Y59          FDRE                                         r  cordic/cordic_pipeline[12].desired_angle_pipe_reg[13][9]/D
  -------------------------------------------------------------------    -------------------

                         (clock gclk rise edge)       0.000     0.000 r  
    N15                                               0.000     0.000 r  clk_100mhz (IN)
                         net (fo=0)                   0.000     0.000    clk_100mhz
    N15                  IBUF (Prop_ibuf_I_O)         0.396     0.396 r  clk_100mhz_IBUF_inst/O
                         net (fo=1, estimated)        0.875     1.271    clk_100mhz_IBUF
    BUFGCTRL_X0Y0        BUFG (Prop_bufg_I_O)         0.029     1.300 r  clk_100mhz_IBUF_BUFG_inst/O
                         net (fo=1105, estimated)     0.860     2.160    cordic/clk_100mhz_IBUF_BUFG
    SLICE_X3Y59          FDRE                                         r  cordic/cordic_pipeline[12].desired_angle_pipe_reg[13][9]/C
                         clock pessimism             -0.468     1.692    
    SLICE_X3Y59          FDRE (Hold_fdre_C_D)         0.078     1.770    cordic/cordic_pipeline[12].desired_angle_pipe_reg[13][9]
  -------------------------------------------------------------------
                         required time                         -1.770    
                         arrival time                           1.948    
  -------------------------------------------------------------------
                         slack                                  0.179    





Pulse Width Checks
--------------------------------------------------------------------------------------
Clock Name:         gclk
Waveform(ns):       { 0.000 4.000 }
Period(ns):         10.000
Sources:            { clk_100mhz }

Check Type        Corner  Lib Pin     Reference Pin  Required(ns)  Actual(ns)  Slack(ns)  Location       Pin
Min Period        n/a     BUFG/I      n/a            2.155         10.000      7.845      BUFGCTRL_X0Y0  clk_100mhz_IBUF_BUFG_inst/I
Low Pulse Width   Slow    SRL16E/CLK  n/a            0.980         6.000       5.020      SLICE_X10Y66   cordic/cordic_pipeline[14].x_flip_pipe_reg[15]_srl16/CLK
High Pulse Width  Slow    SRL16E/CLK  n/a            0.980         4.000       3.020      SLICE_X10Y66   cordic/cordic_pipeline[14].x_flip_pipe_reg[15]_srl16/CLK



