Copyright 1986-2022 Xilinx, Inc. All Rights Reserved. Copyright 2022-2024 Advanced Micro Devices, Inc. All Rights Reserved.
---------------------------------------------------------------------------------------------------------------------------------------------
| Tool Version : Vivado v.2024.1 (lin64) Build 5076996 Wed May 22 18:36:09 MDT 2024
| Date         : Wed Oct  7 10:54:30 2026
| Host         : biomech-Ubuntu-24-04-PC-Q35-ICH9-2009 running 64-bit Ubuntu 22.04.5 LTS
| Command      : report_timing_summary -file obj/post_synth_timing_summary.rpt
| Design       : top_level
| Device       : 7s50-csga324
| Speed File   : -1  PRODUCTION 1.23 2018-06-13
| Design State : Synthesized
---------------------------------------------------------------------------------------------------------------------------------------------

Timing Summary Report

------------------------------------------------------------------------------------------------
| Timer Settings
| --------------
------------------------------------------------------------------------------------------------

  Enable Multi Corner Analysis               :  Yes
  Enable Pessimism Removal                   :  Yes
  Pessimism Removal Resolution               :  Nearest Common Node
  Enable Input Delay Default Clock           :  No
  Enable Preset / Clear Arcs                 :  No
  Disable Flight Delays                      :  No
  Ignore I/O Paths                           :  No
  Timing Early Launch at Borrowing Latches   :  No
  Borrow Time for Max Delay Exceptions       :  Yes
  Merge Timing Exceptions                    :  Yes
  Inter-SLR Compensation                     :  Conservative

  Corner  Analyze    Analyze    
  Name    Max Paths  Min Paths  
  ------  ---------  ---------  
  Slow    Yes        Yes        
  Fast    Yes        Yes        


------------------------------------------------------------------------------------------------
| Report Methodology
| ------------------
------------------------------------------------------------------------------------------------

No report available as report_methodology has not been run prior. Run report_methodology on the current design for the summary of methodology violations.



check_timing report

Table of Contents
-----------------
1. checking no_clock (0)
2. checking constant_clock (0)
3. checking pulse_width_clock (0)
4. checking unconstrained_internal_endpoints (0)
5. checking no_input_delay (5)
6. checking no_output_delay (24)
7. checking multiple_clock (0)
8. checking generated_clocks (0)
9. checking loops (0)
10. checking partial_input_delay (0)
11. checking partial_output_delay (0)
12. checking latch_loops (0)

1. checking no_clock (0)
------------------------
 There are 0 register/latch pins with no clock.


2. checking constant_clock (0)
------------------------------
 There are 0 register/latch pins with constant_clock.


3. checking pulse_width_clock (0)
---------------------------------
 There are 0 register/latch pins which need pulse_width check


4. checking unconstrained_internal_endpoints (0)
------------------------------------------------
 There are 0 pins that are not constrained for maximum delay.

 There are 0 pins that are not constrained for maximum delay due to constant clock.


5. checking no_input_delay (5)
------------------------------
 There are 5 input ports with no input delay specified. (HIGH)

 There are 0 input ports with no input delay but user has a false path constraint.


6. checking no_output_delay (24)
--------------------------------
 There are 24 ports with no output delay specified. (HIGH)

 There are 0 ports with no output delay but user has a false path constraint

 There are 0 ports with no output delay but with a timing clock defined on it or propagating through it


7. checking multiple_clock (0)
------------------------------
 There are 0 register/latch pins with multiple clocks.


8. checking generated_clocks (0)
--------------------------------
 There are 0 generated clocks that are not connected to a clock source.


9. checking loops (0)
---------------------
 There are 0 combinational loops in the design.


10. checking partial_input_delay (0)
------------------------------------
 There are 0 input ports with partial input delay specified.


11. checking partial_output_delay (0)
-------------------------------------
 There are 0 ports with partial output delay specified.


12. checking latch_loops (0)
----------------------------
 There are 0 combinational latch loops in the design through latch input



------------------------------------------------------------------------------------------------
| Design Timing Summary
| ---------------------
------------------------------------------------------------------------------------------------

    WNS(ns)      TNS(ns)  TNS Failing Endpoints  TNS Total Endpoints      WHS(ns)      THS(ns)  THS Failing Endpoints  THS Total Endpoints     WPWS(ns)     TPWS(ns)  TPWS Failing Endpoints  TPWS Total Endpoints  
    -------      -------  ---------------------  -------------------      -------      -------  ---------------------  -------------------     --------     --------  ----------------------  --------------------  
      5.048        0.000                      0                 1617        0.071        0.000                      0                 1617        3.500        0.000                       0                  1326  


All user specified timing constraints are met.


------------------------------------------------------------------------------------------------
| Clock Summary
| -------------
------------------------------------------------------------------------------------------------

Clock  Waveform(ns)       Period(ns)      Frequency(MHz)
-----  ------------       ----------      --------------
gclk   {0.000 4.000}      10.000          100.000         


------------------------------------------------------------------------------------------------
| Intra Clock Table
| -----------------
------------------------------------------------------------------------------------------------

Clock             WNS(ns)      TNS(ns)  TNS Failing Endpoints  TNS Total Endpoints      WHS(ns)      THS(ns)  THS Failing Endpoints  THS Total Endpoints     WPWS(ns)     TPWS(ns)  TPWS Failing Endpoints  TPWS Total Endpoints  
-----             -------      -------  ---------------------  -------------------      -------      -------  ---------------------  -------------------     --------     --------  ----------------------  --------------------  
gclk                5.048        0.000                      0                 1617        0.071        0.000                      0                 1617        3.500        0.000                       0                  1326  


------------------------------------------------------------------------------------------------
| Inter Clock Table
| -----------------
------------------------------------------------------------------------------------------------

From Clock    To Clock          WNS(ns)      TNS(ns)  TNS Failing Endpoints  TNS Total Endpoints      WHS(ns)      THS(ns)  THS Failing Endpoints  THS Total Endpoints  
----------    --------          -------      -------  ---------------------  -------------------      -------      -------  ---------------------  -------------------  


------------------------------------------------------------------------------------------------
| Other Path Groups Table
| -----------------------
------------------------------------------------------------------------------------------------

Path Group    From Clock    To Clock          WNS(ns)      TNS(ns)  TNS Failing Endpoints  TNS Total Endpoints      WHS(ns)      THS(ns)  THS Failing Endpoints  THS Total Endpoints  
----------    ----------    --------          -------      -------  ---------------------  -------------------      -------      -------  ---------------------  -------------------  


------------------------------------------------------------------------------------------------
| Timing Details
| --------------
------------------------------------------------------------------------------------------------


---------------------------------------------------------------------------------------------------
From Clock:  gclk
  To Clock:  gclk

Setup :            0  Failing Endpoints,  Worst Slack        5.048ns,  Total Violation        0.000ns
Hold  :            0  Failing Endpoints,  Worst Slack        0.071ns,  Total Violation        0.000ns
PW    :            0  Failing Endpoints,  Worst Slack        3.500ns,  Total Violation        0.000ns
---------------------------------------------------------------------------------------------------


Max Delay Paths
--------------------------------------------------------------------------------------
Slack (MET) :             5.048ns  (required time - arrival time)
  Source:                 multiple_continuous_signal_gen/u_sin/cordic/cordic_pipeline[3].desired_angle_pipe_reg[4][0]/C
                            (rising edge-triggered cell FDRE clocked by gclk  {rise@0.000ns fall@4.000ns period=10.000ns})
  Destination:            multiple_continuous_signal_gen/u_sin/cordic/cordic_pipeline[4].y_pipe_reg[5][16]/D
                            (rising edge-triggered cell FDRE clocked by gclk  {rise@0.000ns fall@4.000ns period=10.000ns})
  Path Group:             gclk
  Path Type:              Setup (Max at Slow Process Corner)
  Requirement:            10.000ns  (gclk rise@10.000ns - gclk rise@0.000ns)
  Data Path Delay:        4.834ns  (logic 2.725ns (56.372%)  route 2.109ns (43.628%))
  Logic Levels:           9  (CARRY4=7 LUT1=1 LUT3=1)
  Clock Path Skew:        -0.145ns (DCD - SCD + CPR)
    Destination Clock Delay (DCD):    2.660ns = ( 12.660 - 10.000 ) 
    Source Clock Delay      (SCD):    2.920ns
    Clock Pessimism Removal (CPR):    0.115ns
  Clock Uncertainty:      0.035ns  ((TSJ^2 + TIJ^2)^1/2 + DJ) / 2 + PE
    Total System Jitter     (TSJ):    0.071ns
    Total Input Jitter      (TIJ):    0.000ns
    Discrete Jitter          (DJ):    0.000ns
    Phase Error              (PE):    0.000ns

    Location             Delay type                Incr(ns)  Path(ns)    Netlist Resource(s)
  -------------------------------------------------------------------    -------------------
                         (clock gclk rise edge)       0.000     0.000 r  
    N15                                               0.000     0.000 r  clk_100mhz (IN)
                         net (fo=0)                   0.000     0.000    clk_100mhz
    N15                  IBUF (Prop_ibuf_I_O)         1.440     1.440 r  clk_100mhz_IBUF_inst/O
                         net (fo=1, unplaced)         0.800     2.240    clk_100mhz_IBUF
                         BUFG (Prop_bufg_I_O)         0.096     2.336 r  clk_100mhz_IBUF_BUFG_inst/O
                         net (fo=1325, unplaced)      0.584     2.920    multiple_continuous_signal_gen/u_sin/cordic/clk_100mhz_IBUF_BUFG
                         FDRE                                         r  multiple_continuous_signal_gen/u_sin/cordic/cordic_pipeline[3].desired_angle_pipe_reg[4][0]/C
  -------------------------------------------------------------------    -------------------
                         FDRE (Prop_fdre_C_Q)         0.456     3.376 r  multiple_continuous_signal_gen/u_sin/cordic/cordic_pipeline[3].desired_angle_pipe_reg[4][0]/Q
                         net (fo=3, unplaced)         0.759     4.135    multiple_continuous_signal_gen/u_sin/cordic/cordic_pipeline[3].desired_angle_pipe_reg[4]_12[0]
                         LUT3 (Prop_lut3_I0_O)        0.321     4.456 r  multiple_continuous_signal_gen/u_sin/cordic/cordic_pipeline[4].x_pipe[5][2]_i_18/O
                         net (fo=1, unplaced)         0.000     4.456    multiple_continuous_signal_gen/u_sin/cordic/cordic_pipeline[4].x_pipe[5][2]_i_18_n_0
                         CARRY4 (Prop_carry4_DI[0]_CO[3])
                                                      0.553     5.009 r  multiple_continuous_signal_gen/u_sin/cordic/cordic_pipeline[4].x_pipe_reg[5][2]_i_6/CO[3]
                         net (fo=1, unplaced)         0.009     5.018    multiple_continuous_signal_gen/u_sin/cordic/cordic_pipeline[4].x_pipe_reg[5][2]_i_6_n_0
                         CARRY4 (Prop_carry4_CI_CO[3])
                                                      0.114     5.132 f  multiple_continuous_signal_gen/u_sin/cordic/cordic_pipeline[4].x_pipe_reg[5][2]_i_2/CO[3]
                         net (fo=47, unplaced)        0.999     6.131    multiple_continuous_signal_gen/u_sin/cordic/cordic_pipeline[4].x_pipe_reg[5][2]_i_2_n_0
                         LUT1 (Prop_lut1_I0_O)        0.124     6.255 r  multiple_continuous_signal_gen/u_sin/cordic/cordic_pipeline[4].y_pipe[5][3]_i_2/O
                         net (fo=1, unplaced)         0.333     6.588    multiple_continuous_signal_gen/u_sin/cordic/cordic_pipeline[4].y_pipe[5][3]_i_2_n_0
                         CARRY4 (Prop_carry4_CYINIT_CO[3])
                                                      0.580     7.168 r  multiple_continuous_signal_gen/u_sin/cordic/cordic_pipeline[4].y_pipe_reg[5][3]_i_1/CO[3]
                         net (fo=1, unplaced)         0.009     7.177    multiple_continuous_signal_gen/u_sin/cordic/cordic_pipeline[4].y_pipe_reg[5][3]_i_1_n_0
                         CARRY4 (Prop_carry4_CI_CO[3])
                                                      0.114     7.291 r  multiple_continuous_signal_gen/u_sin/cordic/cordic_pipeline[4].y_pipe_reg[5][7]_i_1/CO[3]
                         net (fo=1, unplaced)         0.000     7.291    multiple_continuous_signal_gen/u_sin/cordic/cordic_pipeline[4].y_pipe_reg[5][7]_i_1_n_0
                         CARRY4 (Prop_carry4_CI_CO[3])
                                                      0.114     7.405 r  multiple_continuous_signal_gen/u_sin/cordic/cordic_pipeline[4].y_pipe_reg[5][11]_i_1/CO[3]
                         net (fo=1, unplaced)         0.000     7.405    multiple_continuous_signal_gen/u_sin/cordic/cordic_pipeline[4].y_pipe_reg[5][11]_i_1_n_0
                         CARRY4 (Prop_carry4_CI_CO[3])
                                                      0.114     7.519 r  multiple_continuous_signal_gen/u_sin/cordic/cordic_pipeline[4].y_pipe_reg[5][15]_i_1/CO[3]
                         net (fo=1, unplaced)         0.000     7.519    multiple_continuous_signal_gen/u_sin/cordic/cordic_pipeline[4].y_pipe_reg[5][15]_i_1_n_0
                         CARRY4 (Prop_carry4_CI_O[0])
                                                      0.235     7.754 r  multiple_continuous_signal_gen/u_sin/cordic/cordic_pipeline[4].y_pipe_reg[5][16]_i_1/O[0]
                         net (fo=1, unplaced)         0.000     7.754    multiple_continuous_signal_gen/u_sin/cordic/cordic_pipeline[4].y_pipe_reg[5][16]_i_1_n_7
                         FDRE                                         r  multiple_continuous_signal_gen/u_sin/cordic/cordic_pipeline[4].y_pipe_reg[5][16]/D
  -------------------------------------------------------------------    -------------------

                         (clock gclk rise edge)      10.000    10.000 r  
    N15                                               0.000    10.000 r  clk_100mhz (IN)
                         net (fo=0)                   0.000    10.000    clk_100mhz
    N15                  IBUF (Prop_ibuf_I_O)         1.370    11.370 r  clk_100mhz_IBUF_inst/O
                         net (fo=1, unplaced)         0.760    12.130    clk_100mhz_IBUF
                         BUFG (Prop_bufg_I_O)         0.091    12.221 r  clk_100mhz_IBUF_BUFG_inst/O
                         net (fo=1325, unplaced)      0.439    12.660    multiple_continuous_signal_gen/u_sin/cordic/clk_100mhz_IBUF_BUFG
                         FDRE                                         r  multiple_continuous_signal_gen/u_sin/cordic/cordic_pipeline[4].y_pipe_reg[5][16]/C
                         clock pessimism              0.115    12.775    
                         clock uncertainty           -0.035    12.740    
                         FDRE (Setup_fdre_C_D)        0.062    12.802    multiple_continuous_signal_gen/u_sin/cordic/cordic_pipeline[4].y_pipe_reg[5][16]
  -------------------------------------------------------------------
                         required time                         12.802    
                         arrival time                          -7.754    
  -------------------------------------------------------------------
                         slack                                  5.048    





Min Delay Paths
--------------------------------------------------------------------------------------
Slack (MET) :             0.071ns  (arrival time - required time)
  Source:                 multiple_continuous_signal_gen/u_tri/fixed_pt_accum_reg[12]/C
                            (rising edge-triggered cell FDRE clocked by gclk  {rise@0.000ns fall@4.000ns period=10.000ns})
  Destination:            multiple_continuous_signal_gen/u_tri/fixed_pt_accum_reg[13]/D
                            (rising edge-triggered cell FDRE clocked by gclk  {rise@0.000ns fall@4.000ns period=10.000ns})
  Path Group:             gclk
  Path Type:              Hold (Min at Fast Process Corner)
  Requirement:            0.000ns  (gclk rise@0.000ns - gclk rise@0.000ns)
  Data Path Delay:        0.321ns  (logic 0.235ns (73.307%)  route 0.086ns (26.693%))
  Logic Levels:           1  (CARRY4=1)
  Clock Path Skew:        0.145ns (DCD - SCD - CPR)
    Destination Clock Delay (DCD):    1.039ns
    Source Clock Delay      (SCD):    0.686ns
    Clock Pessimism Removal (CPR):    0.208ns

    Location             Delay type                Incr(ns)  Path(ns)    Netlist Resource(s)
  -------------------------------------------------------------------    -------------------
                         (clock gclk rise edge)       0.000     0.000 r  
    N15                                               0.000     0.000 r  clk_100mhz (IN)
                         net (fo=0)                   0.000     0.000    clk_100mhz
    N15                  IBUF (Prop_ibuf_I_O)         0.209     0.209 r  clk_100mhz_IBUF_inst/O
                         net (fo=1, unplaced)         0.337     0.546    clk_100mhz_IBUF
                         BUFG (Prop_bufg_I_O)         0.026     0.572 r  clk_100mhz_IBUF_BUFG_inst/O
                         net (fo=1325, unplaced)      0.114     0.686    multiple_continuous_signal_gen/u_tri/clk_100mhz_IBUF_BUFG
                         FDRE                                         r  multiple_continuous_signal_gen/u_tri/fixed_pt_accum_reg[12]/C
  -------------------------------------------------------------------    -------------------
                         FDRE (Prop_fdre_C_Q)         0.141     0.827 r  multiple_continuous_signal_gen/u_tri/fixed_pt_accum_reg[12]/Q
                         net (fo=2, unplaced)         0.086     0.912    multiple_continuous_signal_gen/u_tri/fixed_pt_accum_reg_n_0_[12]
                         CARRY4 (Prop_carry4_DI[0]_O[1])
                                                      0.094     1.006 r  multiple_continuous_signal_gen/u_tri/fixed_pt_accum_reg[12]_i_1/O[1]
                         net (fo=1, unplaced)         0.000     1.006    multiple_continuous_signal_gen/u_tri/fixed_pt_accum_reg[12]_i_1_n_6
                         FDRE                                         r  multiple_continuous_signal_gen/u_tri/fixed_pt_accum_reg[13]/D
  -------------------------------------------------------------------    -------------------

                         (clock gclk rise edge)       0.000     0.000 r  
    N15                                               0.000     0.000 r  clk_100mhz (IN)
                         net (fo=0)                   0.000     0.000    clk_100mhz
    N15                  IBUF (Prop_ibuf_I_O)         0.396     0.396 r  clk_100mhz_IBUF_inst/O
                         net (fo=1, unplaced)         0.355     0.751    clk_100mhz_IBUF
                         BUFG (Prop_bufg_I_O)         0.029     0.780 r  clk_100mhz_IBUF_BUFG_inst/O
                         net (fo=1325, unplaced)      0.259     1.039    multiple_continuous_signal_gen/u_tri/clk_100mhz_IBUF_BUFG
                         FDRE                                         r  multiple_continuous_signal_gen/u_tri/fixed_pt_accum_reg[13]/C
                         clock pessimism             -0.208     0.831    
                         FDRE (Hold_fdre_C_D)         0.105     0.936    multiple_continuous_signal_gen/u_tri/fixed_pt_accum_reg[13]
  -------------------------------------------------------------------
                         required time                         -0.936    
                         arrival time                           1.006    
  -------------------------------------------------------------------
                         slack                                  0.071    





Pulse Width Checks
--------------------------------------------------------------------------------------
Clock Name:         gclk
Waveform(ns):       { 0.000 4.000 }
Period(ns):         10.000
Sources:            { clk_100mhz }

Check Type        Corner  Lib Pin  Reference Pin  Required(ns)  Actual(ns)  Slack(ns)  Location  Pin
Min Period        n/a     BUFG/I   n/a            2.155         10.000      7.845                clk_100mhz_IBUF_BUFG_inst/I
Low Pulse Width   Slow    FDRE/C   n/a            0.500         6.000       5.500                blink_counter_reg[0]/C
High Pulse Width  Slow    FDRE/C   n/a            0.500         4.000       3.500                blink_counter_reg[0]/C



