Copyright 1986-2022 Xilinx, Inc. All Rights Reserved. Copyright 2022-2024 Advanced Micro Devices, Inc. All Rights Reserved.
---------------------------------------------------------------------------------------------------------------------------------------------
| Tool Version : Vivado v.2024.1 (lin64) Build 5076996 Wed May 22 18:36:09 MDT 2024
| Date         : Wed Oct  7 10:41:58 2026
| Host         : biomech-Ubuntu-24-04-PC-Q35-ICH9-2009 running 64-bit Ubuntu 22.04.5 LTS
| Command      : report_timing -file obj/post_route_timing.rpt
| Design       : top_level
| Device       : 7s50-csga324
| Speed File   : -1  PRODUCTION 1.23 2018-06-13
| Design State : Routed
---------------------------------------------------------------------------------------------------------------------------------------------

Timing Report

Slack (MET) :             3.821ns  (required time - arrival time)
  Source:                 multiple_continuous_signal_gen/u_sin/cordic/cordic_pipeline[1].total_angle_pipe_reg[2][11]/C
                            (rising edge-triggered cell FDRE clocked by gclk  {rise@0.000ns fall@4.000ns period=10.000ns})
  Destination:            multiple_continuous_signal_gen/u_sin/cordic/cordic_pipeline[2].x_pipe_reg[3][16]/D
                            (rising edge-triggered cell FDRE clocked by gclk  {rise@0.000ns fall@4.000ns period=10.000ns})
  Path Group:             gclk
  Path Type:              Setup (Max at Slow Process Corner)
  Requirement:            10.000ns  (gclk rise@10.000ns - gclk rise@0.000ns)
  Data Path Delay:        6.166ns  (logic 2.431ns (39.424%)  route 3.735ns (60.576%))
  Logic Levels:           9  (CARRY4=7 LUT3=2)
  Clock Path Skew:        -0.039ns (DCD - SCD + CPR)
    Destination Clock Delay (DCD):    4.841ns = ( 14.841 - 10.000 ) 
    Source Clock Delay      (SCD):    5.138ns
    Clock Pessimism Removal (CPR):    0.259ns
  Clock Uncertainty:      0.035ns  ((TSJ^2 + TIJ^2)^1/2 + DJ) / 2 + PE
    Total System Jitter     (TSJ):    0.071ns
    Total Input Jitter      (TIJ):    0.000ns
    Discrete Jitter          (DJ):    0.000ns
    Phase Error              (PE):    0.000ns

    Location             Delay type                Incr(ns)  Path(ns)    Netlist Resource(s)
  -------------------------------------------------------------------    -------------------
                         (clock gclk rise edge)       0.000     0.000 r  
    N15                                               0.000     0.000 r  clk_100mhz (IN)
                         net (fo=0)                   0.000     0.000    clk_100mhz
    N15                  IBUF (Prop_ibuf_I_O)         1.440     1.440 r  clk_100mhz_IBUF_inst/O
                         net (fo=1, routed)           1.972     3.412    clk_100mhz_IBUF
    BUFGCTRL_X0Y0        BUFG (Prop_bufg_I_O)         0.096     3.508 r  clk_100mhz_IBUF_BUFG_inst/O
                         net (fo=1290, routed)        1.630     5.138    multiple_continuous_signal_gen/u_sin/cordic/clk_100mhz_IBUF_BUFG
    SLICE_X7Y35          FDRE                                         r  multiple_continuous_signal_gen/u_sin/cordic/cordic_pipeline[1].total_angle_pipe_reg[2][11]/C
  -------------------------------------------------------------------    -------------------
    SLICE_X7Y35          FDRE (Prop_fdre_C_Q)         0.456     5.594 r  multiple_continuous_signal_gen/u_sin/cordic/cordic_pipeline[1].total_angle_pipe_reg[2][11]/Q
                         net (fo=17, routed)          1.063     6.658    multiple_continuous_signal_gen/u_sin/cordic/cordic_pipeline[1].total_angle_pipe_reg[2]_5[11]
    SLICE_X8Y39          LUT3 (Prop_lut3_I2_O)        0.124     6.782 r  multiple_continuous_signal_gen/u_sin/cordic/cordic_pipeline[2].total_angle_pipe[3][2]_i_17/O
                         net (fo=1, routed)           0.000     6.782    multiple_continuous_signal_gen/u_sin/cordic/cordic_pipeline[2].total_angle_pipe[3][2]_i_17_n_0
    SLICE_X8Y39          CARRY4 (Prop_carry4_S[1]_CO[3])
                                                      0.533     7.315 r  multiple_continuous_signal_gen/u_sin/cordic/cordic_pipeline[2].total_angle_pipe_reg[3][2]_i_2/CO[3]
                         net (fo=1, routed)           0.000     7.315    multiple_continuous_signal_gen/u_sin/cordic/cordic_pipeline[2].total_angle_pipe_reg[3][2]_i_2_n_0
    SLICE_X8Y40          CARRY4 (Prop_carry4_CI_CO[3])
                                                      0.117     7.432 r  multiple_continuous_signal_gen/u_sin/cordic/cordic_pipeline[2].total_angle_pipe_reg[3][2]_i_1/CO[3]
                         net (fo=42, routed)          2.672    10.104    multiple_continuous_signal_gen/u_sin/cordic/cordic_pipeline[2].total_angle_pipe_reg[3][2]_i_1_n_0
    SLICE_X1Y28          LUT3 (Prop_lut3_I2_O)        0.124    10.228 r  multiple_continuous_signal_gen/u_sin/cordic/cordic_pipeline[2].x_pipe[3][2]_i_2/O
                         net (fo=1, routed)           0.000    10.228    multiple_continuous_signal_gen/u_sin/cordic/cordic_pipeline[2].x_pipe[3][2]_i_2_n_0
    SLICE_X1Y28          CARRY4 (Prop_carry4_S[3]_CO[3])
                                                      0.401    10.629 r  multiple_continuous_signal_gen/u_sin/cordic/cordic_pipeline[2].x_pipe_reg[3][2]_i_1/CO[3]
                         net (fo=1, routed)           0.000    10.629    multiple_continuous_signal_gen/u_sin/cordic/cordic_pipeline[2].x_pipe_reg[3][2]_i_1_n_0
    SLICE_X1Y29          CARRY4 (Prop_carry4_CI_CO[3])
                                                      0.114    10.743 r  multiple_continuous_signal_gen/u_sin/cordic/cordic_pipeline[2].x_pipe_reg[3][6]_i_1/CO[3]
                         net (fo=1, routed)           0.000    10.743    multiple_continuous_signal_gen/u_sin/cordic/cordic_pipeline[2].x_pipe_reg[3][6]_i_1_n_0
    SLICE_X1Y30          CARRY4 (Prop_carry4_CI_CO[3])
                                                      0.114    10.857 r  multiple_continuous_signal_gen/u_sin/cordic/cordic_pipeline[2].x_pipe_reg[3][10]_i_1/CO[3]
                         net (fo=1, routed)           0.000    10.857    multiple_continuous_signal_gen/u_sin/cordic/cordic_pipeline[2].x_pipe_reg[3][10]_i_1_n_0
    SLICE_X1Y31          CARRY4 (Prop_carry4_CI_CO[3])
                                                      0.114    10.971 r  multiple_continuous_signal_gen/u_sin/cordic/cordic_pipeline[2].x_pipe_reg[3][14]_i_1/CO[3]
                         net (fo=1, routed)           0.000    10.971    multiple_continuous_signal_gen/u_sin/cordic/cordic_pipeline[2].x_pipe_reg[3][14]_i_1_n_0
    SLICE_X1Y32          CARRY4 (Prop_carry4_CI_O[1])
                                                      0.334    11.305 r  multiple_continuous_signal_gen/u_sin/cordic/cordic_pipeline[2].x_pipe_reg[3][16]_i_1/O[1]
                         net (fo=1, routed)           0.000    11.305    multiple_continuous_signal_gen/u_sin/cordic/cordic_pipeline[2].x_pipe_reg[3][16]_i_1_n_6
    SLICE_X1Y32          FDRE                                         r  multiple_continuous_signal_gen/u_sin/cordic/cordic_pipeline[2].x_pipe_reg[3][16]/D
  -------------------------------------------------------------------    -------------------

                         (clock gclk rise edge)      10.000    10.000 r  
    N15                                               0.000    10.000 r  clk_100mhz (IN)
                         net (fo=0)                   0.000    10.000    clk_100mhz
    N15                  IBUF (Prop_ibuf_I_O)         1.370    11.370 r  clk_100mhz_IBUF_inst/O
                         net (fo=1, routed)           1.868    13.238    clk_100mhz_IBUF
    BUFGCTRL_X0Y0        BUFG (Prop_bufg_I_O)         0.091    13.329 r  clk_100mhz_IBUF_BUFG_inst/O
                         net (fo=1290, routed)        1.511    14.841    multiple_continuous_signal_gen/u_sin/cordic/clk_100mhz_IBUF_BUFG
    SLICE_X1Y32          FDRE                                         r  multiple_continuous_signal_gen/u_sin/cordic/cordic_pipeline[2].x_pipe_reg[3][16]/C
                         clock pessimism              0.259    15.099    
                         clock uncertainty           -0.035    15.064    
    SLICE_X1Y32          FDRE (Setup_fdre_C_D)        0.062    15.126    multiple_continuous_signal_gen/u_sin/cordic/cordic_pipeline[2].x_pipe_reg[3][16]
  -------------------------------------------------------------------
                         required time                         15.126    
                         arrival time                         -11.305    
  -------------------------------------------------------------------
                         slack                                  3.821    




