#-----------------------------------------------------------
# Vivado v2024.1 (64-bit)
# SW Build 5076996 on Wed May 22 18:36:09 MDT 2024
# IP Build 5075265 on Wed May 22 21:45:21 MDT 2024
# SharedData Build 5076995 on Wed May 22 18:29:18 MDT 2024
# Start of session at: Fri Oct  2 14:50:15 2026
# Process ID: 2772
# Current directory: /home/fpga/worker_place/temp/2b6a2d2f7f77426cb8e5681a6f154bb7
# Command line: vivado -mode batch -source build.tcl
# Log file: /home/fpga/worker_place/temp/2b6a2d2f7f77426cb8e5681a6f154bb7/vivado.log
# Journal file: /home/fpga/worker_place/temp/2b6a2d2f7f77426cb8e5681a6f154bb7/vivado.jou
# Running On        :eecs-digital-48
# Platform          :Ubuntu
# Operating System  :Ubuntu 24.04.3 LTS
# Processor Detail  :AMD Ryzen 7 2700X Eight-Core Processor
# CPU Frequency     :1923.894 MHz
# CPU Physical cores:8
# CPU Logical cores :16
# Host memory       :16689 MB
# Swap memory       :4294 MB
# Total Virtual     :20984 MB
# Available Virtual :19634 MB
#-----------------------------------------------------------
source build.tcl
# set_param general.maxThreads 4
# set partNum xc7s50csga324-1
# set outputDir obj
# file mkdir $outputDir
# set files [glob -nocomplain "$outputDir/*"]
# if {[llength $files] != 0} {
#     # clear folder contents
#     puts "deleting contents of $outputDir"
#     file delete -force {*}[glob -directory $outputDir *];
# } else {
#     puts "$outputDir is empty"
# }
obj is empty
# set sources_sv [ glob ./hdl/*.sv ]
# read_verilog -sv $sources_sv
read_verilog: Time (s): cpu = 00:00:07 ; elapsed = 00:00:08 . Memory (MB): peak = 1391.215 ; gain = 35.840 ; free physical = 12872 ; free virtual = 18365
# set sources_v [ glob -nocomplain ./hdl/*.v ]
# if {[llength $sources_v] > 0 } {
#     read_verilog $sources_v
# }
# read_xdc [ glob ./xdc/*.xdc ]
# set sources_mem [ glob -nocomplain ./data/*.mem ]
# if {[llength $sources_mem] > 0} {
#     read_mem $sources_mem
# }
# set_part $partNum
INFO: [Coretcl 2-1500] The part has been set to 'xc7s50csga324-1' for the current project only. Run set_part -help for more details. To evaluate different speed grades in the current design, use the set_speed_grade command, or use the open_checkpoint -part command to change the part used by an existing checkpoint design.
# set sources_ip [ glob -nocomplain -directory ./ip -tails * ]
# puts $sources_ip

# foreach ip_source $sources_ip {
#     if {[file isdirectory ./ip/$ip_source]} {
# 	read_ip ./ip/$ip_source/$ip_source.xci
#     }
# }
WARNING: [Coretcl 2-176] No IPs found
# generate_target all [get_ips]
WARNING: [Coretcl 2-176] No IPs found
# synth_ip [get_ips]
INFO: [Vivado 12-3441] generate_netlist_ip - operation complete
# synth_design -top top_level -part $partNum -verbose
Command: synth_design -top top_level -part xc7s50csga324-1 -verbose
Starting synth_design
Attempting to get a license for feature 'Synthesis' and/or device 'xc7s50'
INFO: [Common 17-349] Got license for feature 'Synthesis' and/or device 'xc7s50'
INFO: [Device 21-403] Loading part xc7s50csga324-1
INFO: [Device 21-9227] Part: xc7s50csga324-1 does not have CEAM library.
INFO: [Synth 8-7079] Multithreading enabled for synth_design using a maximum of 4 processes.
INFO: [Synth 8-7078] Launching helper process for spawning children vivado processes
INFO: [Synth 8-7075] Helper process launched with PID 2793
---------------------------------------------------------------------------------
Starting RTL Elaboration : Time (s): cpu = 00:00:04 ; elapsed = 00:00:04 . Memory (MB): peak = 2142.836 ; gain = 411.746 ; free physical = 11747 ; free virtual = 17276
---------------------------------------------------------------------------------
WARNING: [Synth 8-10929] literal value 'd50_000_000 truncated to fit in 24 bits [/home/fpga/worker_place/temp/2b6a2d2f7f77426cb8e5681a6f154bb7/hdl/top_level.sv:352]
WARNING: [Synth 8-6901] identifier 'spi_busy' is used before its declaration [/home/fpga/worker_place/temp/2b6a2d2f7f77426cb8e5681a6f154bb7/hdl/top_level.sv:385]
INFO: [Synth 8-6157] synthesizing module 'top_level' [/home/fpga/worker_place/temp/2b6a2d2f7f77426cb8e5681a6f154bb7/hdl/top_level.sv:3]
INFO: [Synth 8-6157] synthesizing module 'spi_con' [/home/fpga/worker_place/temp/2b6a2d2f7f77426cb8e5681a6f154bb7/hdl/spi_con.sv:3]
	Parameter DATA_WIDTH bound to: 32 - type: integer 
	Parameter DATA_CLK_PERIOD bound to: 28 - type: integer 
INFO: [Synth 8-6155] done synthesizing module 'spi_con' (0#1) [/home/fpga/worker_place/temp/2b6a2d2f7f77426cb8e5681a6f154bb7/hdl/spi_con.sv:3]
INFO: [Synth 8-6157] synthesizing module 'cordic_cossin' [/home/fpga/worker_place/temp/2b6a2d2f7f77426cb8e5681a6f154bb7/hdl/cordic_cossin.sv:8]
	Parameter WIDTH bound to: 16 - type: integer 
	Parameter NUM_ITERATIONS bound to: 16 - type: integer 
INFO: [Synth 8-294] found qualifier unique on case statement: implementing as parallel_case [/home/fpga/worker_place/temp/2b6a2d2f7f77426cb8e5681a6f154bb7/hdl/cordic_cossin.sv:60]
INFO: [Synth 8-294] found qualifier unique on case statement: implementing as parallel_case [/home/fpga/worker_place/temp/2b6a2d2f7f77426cb8e5681a6f154bb7/hdl/cordic_cossin.sv:36]
INFO: [Synth 8-6155] done synthesizing module 'cordic_cossin' (0#1) [/home/fpga/worker_place/temp/2b6a2d2f7f77426cb8e5681a6f154bb7/hdl/cordic_cossin.sv:8]
INFO: [Synth 8-6157] synthesizing module 'spi_peripheral' [/home/fpga/worker_place/temp/2b6a2d2f7f77426cb8e5681a6f154bb7/hdl/spi_peripheral.sv:4]
	Parameter DATA_WIDTH bound to: 32 - type: integer 
INFO: [Synth 8-6155] done synthesizing module 'spi_peripheral' (0#1) [/home/fpga/worker_place/temp/2b6a2d2f7f77426cb8e5681a6f154bb7/hdl/spi_peripheral.sv:4]
WARNING: [Synth 8-689] width (8) of port connection 'data_out' does not match port width (32) of module 'spi_peripheral' [/home/fpga/worker_place/temp/2b6a2d2f7f77426cb8e5681a6f154bb7/hdl/top_level.sv:308]
INFO: [Synth 8-6155] done synthesizing module 'top_level' (0#1) [/home/fpga/worker_place/temp/2b6a2d2f7f77426cb8e5681a6f154bb7/hdl/top_level.sv:3]
WARNING: [Synth 8-6014] Unused sequential element trigger_d_reg was removed.  [/home/fpga/worker_place/temp/2b6a2d2f7f77426cb8e5681a6f154bb7/hdl/spi_con.sv:46]
WARNING: [Synth 8-6014] Unused sequential element trigger_fall_edge_reg was removed.  [/home/fpga/worker_place/temp/2b6a2d2f7f77426cb8e5681a6f154bb7/hdl/spi_con.sv:47]
WARNING: [Synth 8-6014] Unused sequential element past_ts_delay_reg was removed.  [/home/fpga/worker_place/temp/2b6a2d2f7f77426cb8e5681a6f154bb7/hdl/spi_con.sv:76]
WARNING: [Synth 8-6014] Unused sequential element data_frame_end_reg was removed.  [/home/fpga/worker_place/temp/2b6a2d2f7f77426cb8e5681a6f154bb7/hdl/spi_con.sv:77]
WARNING: [Synth 8-6014] Unused sequential element cordic_pipeline[15].total_angle_pipe_reg[16] was removed.  [/home/fpga/worker_place/temp/2b6a2d2f7f77426cb8e5681a6f154bb7/hdl/cordic_cossin.sv:88]
WARNING: [Synth 8-6014] Unused sequential element cordic_pipeline[15].desired_angle_pipe_reg[16] was removed.  [/home/fpga/worker_place/temp/2b6a2d2f7f77426cb8e5681a6f154bb7/hdl/cordic_cossin.sv:88]
WARNING: [Synth 8-6014] Unused sequential element auto_trigger_counter_reg was removed.  [/home/fpga/worker_place/temp/2b6a2d2f7f77426cb8e5681a6f154bb7/hdl/top_level.sv:83]
WARNING: [Synth 8-6014] Unused sequential element auto_trigger_reg was removed.  [/home/fpga/worker_place/temp/2b6a2d2f7f77426cb8e5681a6f154bb7/hdl/top_level.sv:84]
WARNING: [Synth 8-6014] Unused sequential element btn_debounce_reg was removed.  [/home/fpga/worker_place/temp/2b6a2d2f7f77426cb8e5681a6f154bb7/hdl/top_level.sv:103]
WARNING: [Synth 8-6014] Unused sequential element btn_trigger_reg was removed.  [/home/fpga/worker_place/temp/2b6a2d2f7f77426cb8e5681a6f154bb7/hdl/top_level.sv:104]
WARNING: [Synth 8-6014] Unused sequential element encoder_data_latched_reg was removed.  [/home/fpga/worker_place/temp/2b6a2d2f7f77426cb8e5681a6f154bb7/hdl/top_level.sv:236]
WARNING: [Synth 8-6014] Unused sequential element encoder_status_latched_reg was removed.  [/home/fpga/worker_place/temp/2b6a2d2f7f77426cb8e5681a6f154bb7/hdl/top_level.sv:238]
WARNING: [Synth 8-6014] Unused sequential element send_pending_reg was removed.  [/home/fpga/worker_place/temp/2b6a2d2f7f77426cb8e5681a6f154bb7/hdl/top_level.sv:242]
WARNING: [Synth 8-6014] Unused sequential element cos_sin_out_latched_reg was removed.  [/home/fpga/worker_place/temp/2b6a2d2f7f77426cb8e5681a6f154bb7/hdl/top_level.sv:278]
WARNING: [Synth 8-6014] Unused sequential element spi_shift_reg_reg was removed.  [/home/fpga/worker_place/temp/2b6a2d2f7f77426cb8e5681a6f154bb7/hdl/top_level.sv:429]
WARNING: [Synth 8-6014] Unused sequential element spi_byte_count_reg was removed.  [/home/fpga/worker_place/temp/2b6a2d2f7f77426cb8e5681a6f154bb7/hdl/top_level.sv:423]
WARNING: [Synth 8-6014] Unused sequential element spi_packet_ready_reg was removed.  [/home/fpga/worker_place/temp/2b6a2d2f7f77426cb8e5681a6f154bb7/hdl/top_level.sv:431]
WARNING: [Synth 8-6014] Unused sequential element encoder_data_available_reg was removed.  [/home/fpga/worker_place/temp/2b6a2d2f7f77426cb8e5681a6f154bb7/hdl/top_level.sv:432]
WARNING: [Synth 8-3848] Net ss1_an in module/entity top_level does not have driver. [/home/fpga/worker_place/temp/2b6a2d2f7f77426cb8e5681a6f154bb7/hdl/top_level.sv:11]
WARNING: [Synth 8-3848] Net ss1_c in module/entity top_level does not have driver. [/home/fpga/worker_place/temp/2b6a2d2f7f77426cb8e5681a6f154bb7/hdl/top_level.sv:13]
WARNING: [Synth 8-3848] Net uart_txd in module/entity top_level does not have driver. [/home/fpga/worker_place/temp/2b6a2d2f7f77426cb8e5681a6f154bb7/hdl/top_level.sv:37]
WARNING: [Synth 8-3917] design top_level has port rgb1[2] driven by constant 0
WARNING: [Synth 8-3917] design top_level has port rgb1[0] driven by constant 0
WARNING: [Synth 8-7129] Port rst in module cordic_cossin is either unconnected or has no load
WARNING: [Synth 8-7129] Port ss1_an[3] in module top_level is either unconnected or has no load
WARNING: [Synth 8-7129] Port ss1_an[2] in module top_level is either unconnected or has no load
WARNING: [Synth 8-7129] Port ss1_an[1] in module top_level is either unconnected or has no load
WARNING: [Synth 8-7129] Port ss1_an[0] in module top_level is either unconnected or has no load
WARNING: [Synth 8-7129] Port ss1_c[6] in module top_level is either unconnected or has no load
WARNING: [Synth 8-7129] Port ss1_c[5] in module top_level is either unconnected or has no load
WARNING: [Synth 8-7129] Port ss1_c[4] in module top_level is either unconnected or has no load
WARNING: [Synth 8-7129] Port ss1_c[3] in module top_level is either unconnected or has no load
WARNING: [Synth 8-7129] Port ss1_c[2] in module top_level is either unconnected or has no load
WARNING: [Synth 8-7129] Port ss1_c[1] in module top_level is either unconnected or has no load
WARNING: [Synth 8-7129] Port ss1_c[0] in module top_level is either unconnected or has no load
WARNING: [Synth 8-7129] Port uart_txd in module top_level is either unconnected or has no load
WARNING: [Synth 8-7129] Port sw[15] in module top_level is either unconnected or has no load
WARNING: [Synth 8-7129] Port sw[14] in module top_level is either unconnected or has no load
WARNING: [Synth 8-7129] Port sw[13] in module top_level is either unconnected or has no load
WARNING: [Synth 8-7129] Port sw[12] in module top_level is either unconnected or has no load
WARNING: [Synth 8-7129] Port sw[11] in module top_level is either unconnected or has no load
WARNING: [Synth 8-7129] Port sw[10] in module top_level is either unconnected or has no load
WARNING: [Synth 8-7129] Port sw[9] in module top_level is either unconnected or has no load
WARNING: [Synth 8-7129] Port sw[8] in module top_level is either unconnected or has no load
WARNING: [Synth 8-7129] Port sw[7] in module top_level is either unconnected or has no load
WARNING: [Synth 8-7129] Port sw[6] in module top_level is either unconnected or has no load
WARNING: [Synth 8-7129] Port sw[5] in module top_level is either unconnected or has no load
WARNING: [Synth 8-7129] Port sw[4] in module top_level is either unconnected or has no load
WARNING: [Synth 8-7129] Port sw[3] in module top_level is either unconnected or has no load
WARNING: [Synth 8-7129] Port sw[2] in module top_level is either unconnected or has no load
WARNING: [Synth 8-7129] Port sw[1] in module top_level is either unconnected or has no load
WARNING: [Synth 8-7129] Port sw[0] in module top_level is either unconnected or has no load
WARNING: [Synth 8-7129] Port btn[3] in module top_level is either unconnected or has no load
WARNING: [Synth 8-7129] Port btn[2] in module top_level is either unconnected or has no load
WARNING: [Synth 8-7129] Port btn[1] in module top_level is either unconnected or has no load
WARNING: [Synth 8-7129] Port uart_rxd in module top_level is either unconnected or has no load
---------------------------------------------------------------------------------
Finished RTL Elaboration : Time (s): cpu = 00:00:05 ; elapsed = 00:00:06 . Memory (MB): peak = 2225.805 ; gain = 494.715 ; free physical = 11643 ; free virtual = 17175
---------------------------------------------------------------------------------
---------------------------------------------------------------------------------
Start Handling Custom Attributes
---------------------------------------------------------------------------------
---------------------------------------------------------------------------------
Finished Handling Custom Attributes : Time (s): cpu = 00:00:06 ; elapsed = 00:00:06 . Memory (MB): peak = 2240.648 ; gain = 509.559 ; free physical = 11643 ; free virtual = 17175
---------------------------------------------------------------------------------
---------------------------------------------------------------------------------
Finished RTL Optimization Phase 1 : Time (s): cpu = 00:00:06 ; elapsed = 00:00:06 . Memory (MB): peak = 2240.648 ; gain = 509.559 ; free physical = 11643 ; free virtual = 17175
---------------------------------------------------------------------------------
Netlist sorting complete. Time (s): cpu = 00:00:00.01 ; elapsed = 00:00:00.01 . Memory (MB): peak = 2240.648 ; gain = 0.000 ; free physical = 11643 ; free virtual = 17175
INFO: [Project 1-570] Preparing netlist for logic optimization

Processing XDC Constraints
Initializing timing engine
Parsing XDC File [/home/fpga/worker_place/temp/2b6a2d2f7f77426cb8e5681a6f154bb7/xdc/top_level.xdc]
WARNING: [Vivado 12-584] No ports matched 'ss1_c[7]'. [/home/fpga/worker_place/temp/2b6a2d2f7f77426cb8e5681a6f154bb7/xdc/top_level.xdc:88]
CRITICAL WARNING: [Common 17-55] 'set_property' expects at least one object. [/home/fpga/worker_place/temp/2b6a2d2f7f77426cb8e5681a6f154bb7/xdc/top_level.xdc:88]
Resolution: If [get_<value>] was used to populate the object, check to make sure this command returns at least one valid object.
Finished Parsing XDC File [/home/fpga/worker_place/temp/2b6a2d2f7f77426cb8e5681a6f154bb7/xdc/top_level.xdc]
INFO: [Project 1-236] Implementation specific constraints were found while reading constraint file [/home/fpga/worker_place/temp/2b6a2d2f7f77426cb8e5681a6f154bb7/xdc/top_level.xdc]. These constraints will be ignored for synthesis but will be used in implementation. Impacted constraints are listed in the file [.Xil/top_level_propImpl.xdc].
Resolution: To avoid this warning, move constraints listed in [.Xil/top_level_propImpl.xdc] to another XDC file and exclude this new file from synthesis with the used_in_synthesis property (File Properties dialog in GUI) and re-run elaboration/synthesis.
Completed Processing XDC Constraints

Netlist sorting complete. Time (s): cpu = 00:00:00 ; elapsed = 00:00:00 . Memory (MB): peak = 2385.398 ; gain = 0.000 ; free physical = 11625 ; free virtual = 17172
INFO: [Project 1-111] Unisim Transformation Summary:
No Unisim elements were transformed.

Constraint Validation Runtime : Time (s): cpu = 00:00:00.01 ; elapsed = 00:00:00 . Memory (MB): peak = 2385.398 ; gain = 0.000 ; free physical = 11624 ; free virtual = 17172
---------------------------------------------------------------------------------
Finished Constraint Validation : Time (s): cpu = 00:00:12 ; elapsed = 00:00:12 . Memory (MB): peak = 2385.398 ; gain = 654.309 ; free physical = 11638 ; free virtual = 17186
---------------------------------------------------------------------------------
---------------------------------------------------------------------------------
Start Loading Part and Timing Information
---------------------------------------------------------------------------------
Loading part: xc7s50csga324-1
---------------------------------------------------------------------------------
Finished Loading Part and Timing Information : Time (s): cpu = 00:00:12 ; elapsed = 00:00:12 . Memory (MB): peak = 2385.398 ; gain = 654.309 ; free physical = 11638 ; free virtual = 17186
---------------------------------------------------------------------------------
---------------------------------------------------------------------------------
Start Applying 'set_property' XDC Constraints
---------------------------------------------------------------------------------
---------------------------------------------------------------------------------
Finished applying 'set_property' XDC Constraints : Time (s): cpu = 00:00:12 ; elapsed = 00:00:12 . Memory (MB): peak = 2385.398 ; gain = 654.309 ; free physical = 11638 ; free virtual = 17186
---------------------------------------------------------------------------------
INFO: [Synth 8-802] inferred FSM for state register 'spi_state_reg' in module 'spi_con'
---------------------------------------------------------------------------------------------------
                   State |                     New Encoding |                Previous Encoding 
---------------------------------------------------------------------------------------------------
                    IDLE |                              000 |                             0000
           WAIT_TS_DELAY |                              001 |                             0001
               CLOCK_LOW |                              010 |                             0011
              CLOCK_HIGH |                              011 |                             0010
                SPI_DONE |                              100 |                             0100
           WAIT_TP_DELAY |                              101 |                             0101
---------------------------------------------------------------------------------------------------
INFO: [Synth 8-3354] encoded FSM with state register 'spi_state_reg' using encoding 'sequential' in module 'spi_con'
---------------------------------------------------------------------------------
Finished RTL Optimization Phase 2 : Time (s): cpu = 00:00:13 ; elapsed = 00:00:13 . Memory (MB): peak = 2385.398 ; gain = 654.309 ; free physical = 11614 ; free virtual = 17162
---------------------------------------------------------------------------------
---------------------------------------------------------------------------------
Start RTL Component Statistics 
---------------------------------------------------------------------------------
Detailed RTL Component Info : 
+---Adders : 
	   2 Input   24 Bit       Adders := 1     
	   2 Input   17 Bit       Adders := 2     
	   3 Input   17 Bit       Adders := 32    
	   2 Input   16 Bit       Adders := 16    
	   2 Input    9 Bit       Adders := 1     
	   2 Input    5 Bit       Adders := 2     
	   2 Input    4 Bit       Adders := 1     
+---Registers : 
	               32 Bit    Registers := 5     
	               24 Bit    Registers := 1     
	               18 Bit    Registers := 1     
	               17 Bit    Registers := 34    
	               16 Bit    Registers := 32    
	                9 Bit    Registers := 1     
	                5 Bit    Registers := 2     
	                4 Bit    Registers := 1     
	                3 Bit    Registers := 2     
	                1 Bit    Registers := 29    
+---Muxes : 
	   6 Input   32 Bit        Muxes := 1     
	   2 Input   24 Bit        Muxes := 1     
	   2 Input   19 Bit        Muxes := 1     
	   2 Input   17 Bit        Muxes := 33    
	   2 Input   16 Bit        Muxes := 2     
	   3 Input   16 Bit        Muxes := 2     
	   2 Input   15 Bit        Muxes := 1     
	   2 Input   14 Bit        Muxes := 1     
	   2 Input   13 Bit        Muxes := 1     
	   2 Input   12 Bit        Muxes := 1     
	   2 Input   11 Bit        Muxes := 1     
	   2 Input   10 Bit        Muxes := 1     
	   2 Input    9 Bit        Muxes := 3     
	   6 Input    9 Bit        Muxes := 1     
	   2 Input    8 Bit        Muxes := 1     
	   2 Input    7 Bit        Muxes := 1     
	   2 Input    6 Bit        Muxes := 1     
	   6 Input    5 Bit        Muxes := 1     
	   2 Input    5 Bit        Muxes := 4     
	   2 Input    4 Bit        Muxes := 2     
	   6 Input    4 Bit        Muxes := 1     
	   6 Input    3 Bit        Muxes := 1     
	   2 Input    3 Bit        Muxes := 2     
	   2 Input    2 Bit        Muxes := 2     
	   2 Input    1 Bit        Muxes := 14    
	   6 Input    1 Bit        Muxes := 15    
---------------------------------------------------------------------------------
Finished RTL Component Statistics 
---------------------------------------------------------------------------------
---------------------------------------------------------------------------------
Start Part Resource Summary
---------------------------------------------------------------------------------
Part Resources:
DSPs: 120 (col length:60)
BRAMs: 150 (col length: RAMB18 60 RAMB36 30)
---------------------------------------------------------------------------------
Finished Part Resource Summary
---------------------------------------------------------------------------------
---------------------------------------------------------------------------------
Start Cross Boundary and Area Optimization
---------------------------------------------------------------------------------
WARNING: [Synth 8-7080] Parallel synthesis criteria is not met
WARNING: [Synth 8-3917] design top_level has port rgb1[2] driven by constant 0
WARNING: [Synth 8-3917] design top_level has port rgb1[0] driven by constant 0
WARNING: [Synth 8-7129] Port rst in module cordic_cossin is either unconnected or has no load
WARNING: [Synth 8-7129] Port ss1_an[3] in module top_level is either unconnected or has no load
WARNING: [Synth 8-7129] Port ss1_an[2] in module top_level is either unconnected or has no load
WARNING: [Synth 8-7129] Port ss1_an[1] in module top_level is either unconnected or has no load
WARNING: [Synth 8-7129] Port ss1_an[0] in module top_level is either unconnected or has no load
WARNING: [Synth 8-7129] Port ss1_c[6] in module top_level is either unconnected or has no load
WARNING: [Synth 8-7129] Port ss1_c[5] in module top_level is either unconnected or has no load
WARNING: [Synth 8-7129] Port ss1_c[4] in module top_level is either unconnected or has no load
WARNING: [Synth 8-7129] Port ss1_c[3] in module top_level is either unconnected or has no load
WARNING: [Synth 8-7129] Port ss1_c[2] in module top_level is either unconnected or has no load
WARNING: [Synth 8-7129] Port ss1_c[1] in module top_level is either unconnected or has no load
WARNING: [Synth 8-7129] Port ss1_c[0] in module top_level is either unconnected or has no load
WARNING: [Synth 8-7129] Port uart_txd in module top_level is either unconnected or has no load
WARNING: [Synth 8-7129] Port sw[15] in module top_level is either unconnected or has no load
WARNING: [Synth 8-7129] Port sw[14] in module top_level is either unconnected or has no load
WARNING: [Synth 8-7129] Port sw[13] in module top_level is either unconnected or has no load
WARNING: [Synth 8-7129] Port sw[12] in module top_level is either unconnected or has no load
WARNING: [Synth 8-7129] Port sw[11] in module top_level is either unconnected or has no load
WARNING: [Synth 8-7129] Port sw[10] in module top_level is either unconnected or has no load
WARNING: [Synth 8-7129] Port sw[9] in module top_level is either unconnected or has no load
WARNING: [Synth 8-7129] Port sw[8] in module top_level is either unconnected or has no load
WARNING: [Synth 8-7129] Port sw[7] in module top_level is either unconnected or has no load
WARNING: [Synth 8-7129] Port sw[6] in module top_level is either unconnected or has no load
WARNING: [Synth 8-7129] Port sw[5] in module top_level is either unconnected or has no load
WARNING: [Synth 8-7129] Port sw[4] in module top_level is either unconnected or has no load
WARNING: [Synth 8-7129] Port sw[3] in module top_level is either unconnected or has no load
WARNING: [Synth 8-7129] Port sw[2] in module top_level is either unconnected or has no load
WARNING: [Synth 8-7129] Port sw[1] in module top_level is either unconnected or has no load
WARNING: [Synth 8-7129] Port sw[0] in module top_level is either unconnected or has no load
WARNING: [Synth 8-7129] Port btn[3] in module top_level is either unconnected or has no load
WARNING: [Synth 8-7129] Port btn[2] in module top_level is either unconnected or has no load
WARNING: [Synth 8-7129] Port btn[1] in module top_level is either unconnected or has no load
WARNING: [Synth 8-7129] Port uart_rxd in module top_level is either unconnected or has no load
---------------------------------------------------------------------------------
Finished Cross Boundary and Area Optimization : Time (s): cpu = 00:00:16 ; elapsed = 00:00:16 . Memory (MB): peak = 2385.398 ; gain = 654.309 ; free physical = 11561 ; free virtual = 17117
---------------------------------------------------------------------------------
---------------------------------------------------------------------------------
Start Applying XDC Timing Constraints
---------------------------------------------------------------------------------
---------------------------------------------------------------------------------
Finished Applying XDC Timing Constraints : Time (s): cpu = 00:00:22 ; elapsed = 00:00:22 . Memory (MB): peak = 2385.398 ; gain = 654.309 ; free physical = 11559 ; free virtual = 17122
---------------------------------------------------------------------------------
---------------------------------------------------------------------------------
Start Timing Optimization
---------------------------------------------------------------------------------
---------------------------------------------------------------------------------
Finished Timing Optimization : Time (s): cpu = 00:00:22 ; elapsed = 00:00:23 . Memory (MB): peak = 2385.398 ; gain = 654.309 ; free physical = 11559 ; free virtual = 17122
---------------------------------------------------------------------------------
---------------------------------------------------------------------------------
Start Technology Mapping
---------------------------------------------------------------------------------
---------------------------------------------------------------------------------
Finished Technology Mapping : Time (s): cpu = 00:00:22 ; elapsed = 00:00:23 . Memory (MB): peak = 2385.398 ; gain = 654.309 ; free physical = 11559 ; free virtual = 17122
---------------------------------------------------------------------------------
---------------------------------------------------------------------------------
Start IO Insertion
---------------------------------------------------------------------------------
---------------------------------------------------------------------------------
Start Flattening Before IO Insertion
---------------------------------------------------------------------------------
---------------------------------------------------------------------------------
Finished Flattening Before IO Insertion
---------------------------------------------------------------------------------
---------------------------------------------------------------------------------
Start Final Netlist Cleanup
---------------------------------------------------------------------------------
---------------------------------------------------------------------------------
Finished Final Netlist Cleanup
---------------------------------------------------------------------------------
---------------------------------------------------------------------------------
Finished IO Insertion : Time (s): cpu = 00:00:26 ; elapsed = 00:00:27 . Memory (MB): peak = 2385.398 ; gain = 654.309 ; free physical = 11561 ; free virtual = 17124
---------------------------------------------------------------------------------
---------------------------------------------------------------------------------
Start Renaming Generated Instances
---------------------------------------------------------------------------------
---------------------------------------------------------------------------------
Finished Renaming Generated Instances : Time (s): cpu = 00:00:26 ; elapsed = 00:00:27 . Memory (MB): peak = 2385.398 ; gain = 654.309 ; free physical = 11561 ; free virtual = 17124
---------------------------------------------------------------------------------
---------------------------------------------------------------------------------
Start Rebuilding User Hierarchy
---------------------------------------------------------------------------------
---------------------------------------------------------------------------------
Finished Rebuilding User Hierarchy : Time (s): cpu = 00:00:26 ; elapsed = 00:00:27 . Memory (MB): peak = 2385.398 ; gain = 654.309 ; free physical = 11561 ; free virtual = 17124
---------------------------------------------------------------------------------
---------------------------------------------------------------------------------
Start Renaming Generated Ports
---------------------------------------------------------------------------------
---------------------------------------------------------------------------------
Finished Renaming Generated Ports : Time (s): cpu = 00:00:26 ; elapsed = 00:00:27 . Memory (MB): peak = 2385.398 ; gain = 654.309 ; free physical = 11561 ; free virtual = 17124
---------------------------------------------------------------------------------
---------------------------------------------------------------------------------
Start Handling Custom Attributes
---------------------------------------------------------------------------------
---------------------------------------------------------------------------------
Finished Handling Custom Attributes : Time (s): cpu = 00:00:26 ; elapsed = 00:00:27 . Memory (MB): peak = 2385.398 ; gain = 654.309 ; free physical = 11561 ; free virtual = 17124
---------------------------------------------------------------------------------
---------------------------------------------------------------------------------
Start Renaming Generated Nets
---------------------------------------------------------------------------------
---------------------------------------------------------------------------------
Finished Renaming Generated Nets : Time (s): cpu = 00:00:26 ; elapsed = 00:00:27 . Memory (MB): peak = 2385.398 ; gain = 654.309 ; free physical = 11561 ; free virtual = 17124
---------------------------------------------------------------------------------
---------------------------------------------------------------------------------
Start ROM, RAM, DSP, Shift Register and Retiming Reporting
---------------------------------------------------------------------------------

Static Shift Register Report:
+------------+------------------------------------------------+--------+-------+--------------+--------------------+-------------------+--------+---------+
|Module Name | RTL Name                                       | Length | Width | Reset Signal | Pull out first Reg | Pull out last Reg | SRL16E | SRLC32E | 
+------------+------------------------------------------------+--------+-------+--------------+--------------------+-------------------+--------+---------+
|top_level   | cordic/cordic_pipeline[15].x_flip_pipe_reg[16] | 17     | 1     | NO           | NO                 | YES               | 1      | 0       | 
+------------+------------------------------------------------+--------+-------+--------------+--------------------+-------------------+--------+---------+

---------------------------------------------------------------------------------
Finished ROM, RAM, DSP, Shift Register and Retiming Reporting
---------------------------------------------------------------------------------
---------------------------------------------------------------------------------
Start Writing Synthesis Report
---------------------------------------------------------------------------------

Report BlackBoxes: 
+-+--------------+----------+
| |BlackBox name |Instances |
+-+--------------+----------+
+-+--------------+----------+

Report Cell Usage: 
+------+-------+------+
|      |Cell   |Count |
+------+-------+------+
|1     |BUFG   |     1|
|2     |CARRY4 |   254|
|3     |LUT1   |    83|
|4     |LUT2   |   315|
|5     |LUT3   |   510|
|6     |LUT4   |   200|
|7     |LUT5   |    32|
|8     |LUT6   |    38|
|9     |SRL16E |     1|
|10    |FDRE   |  1090|
|11    |FDSE   |    10|
|12    |IBUF   |     7|
|13    |OBUF   |    32|
|14    |OBUFT  |    14|
+------+-------+------+
---------------------------------------------------------------------------------
Finished Writing Synthesis Report : Time (s): cpu = 00:00:26 ; elapsed = 00:00:27 . Memory (MB): peak = 2385.398 ; gain = 654.309 ; free physical = 11561 ; free virtual = 17124
---------------------------------------------------------------------------------
Synthesis finished with 0 errors, 0 critical warnings and 36 warnings.
Synthesis Optimization Runtime : Time (s): cpu = 00:00:24 ; elapsed = 00:00:25 . Memory (MB): peak = 2385.398 ; gain = 509.559 ; free physical = 11561 ; free virtual = 17124
Synthesis Optimization Complete : Time (s): cpu = 00:00:26 ; elapsed = 00:00:27 . Memory (MB): peak = 2385.406 ; gain = 654.309 ; free physical = 11561 ; free virtual = 17124
INFO: [Project 1-571] Translating synthesized netlist
Netlist sorting complete. Time (s): cpu = 00:00:00.02 ; elapsed = 00:00:00.01 . Memory (MB): peak = 2385.406 ; gain = 0.000 ; free physical = 11815 ; free virtual = 17382
INFO: [Netlist 29-17] Analyzing 254 Unisim elements for replacement
INFO: [Netlist 29-28] Unisim Transformation completed in 0 CPU seconds
WARNING: [Netlist 29-101] Netlist 'top_level' is not ideal for floorplanning, since the cellview 'cordic_cossin' contains a large number of primitives.  Please consider enabling hierarchy in synthesis if you want to do floorplanning.
INFO: [Project 1-570] Preparing netlist for logic optimization
Parsing XDC File [/home/fpga/worker_place/temp/2b6a2d2f7f77426cb8e5681a6f154bb7/xdc/top_level.xdc]
WARNING: [Vivado 12-584] No ports matched 'ss1_c[7]'. [/home/fpga/worker_place/temp/2b6a2d2f7f77426cb8e5681a6f154bb7/xdc/top_level.xdc:88]
CRITICAL WARNING: [Common 17-55] 'set_property' expects at least one object. [/home/fpga/worker_place/temp/2b6a2d2f7f77426cb8e5681a6f154bb7/xdc/top_level.xdc:88]
Resolution: If [get_<value>] was used to populate the object, check to make sure this command returns at least one valid object.
Finished Parsing XDC File [/home/fpga/worker_place/temp/2b6a2d2f7f77426cb8e5681a6f154bb7/xdc/top_level.xdc]
INFO: [Opt 31-138] Pushed 0 inverter(s) to 0 load pin(s).
Netlist sorting complete. Time (s): cpu = 00:00:00 ; elapsed = 00:00:00 . Memory (MB): peak = 2385.406 ; gain = 0.000 ; free physical = 11815 ; free virtual = 17383
INFO: [Project 1-111] Unisim Transformation Summary:
No Unisim elements were transformed.

Synth Design complete | Checksum: 62b9bce9
INFO: [Common 17-83] Releasing license: Synthesis
28 Infos, 98 Warnings, 2 Critical Warnings and 0 Errors encountered.
synth_design completed successfully
synth_design: Time (s): cpu = 00:00:35 ; elapsed = 00:00:34 . Memory (MB): peak = 2385.406 ; gain = 987.254 ; free physical = 11815 ; free virtual = 17383
INFO: [Common 17-2834] synth_design peak Physical Memory [PSS] (MB): overall = 2122.155; main = 1834.546; forked = 433.135
INFO: [Common 17-2834] synth_design peak Virtual Memory [VSS] (MB): overall = 3404.059; main = 2385.402; forked = 1018.656
# report_timing_summary -file $outputDir/post_synth_timing_summary.rpt
INFO: [Timing 38-35] Done setting XDC timing constraints.
INFO: [Timing 38-91] UpdateTimingParams: Speed grade: -1, Delay Type: min_max.
INFO: [Timing 38-191] Multithreading enabled for timing update using a maximum of 4 CPUs
report_timing_summary: Time (s): cpu = 00:00:07 ; elapsed = 00:00:07 . Memory (MB): peak = 2397.367 ; gain = 11.961 ; free physical = 11816 ; free virtual = 17400
# report_utilization -file $outputDir/post_synth_util.rpt -hierarchical -hierarchical_depth 4
# report_timing -file $outputDir/post_synth_timing.rpt
INFO: [Timing 38-91] UpdateTimingParams: Speed grade: -1, Delay Type: max.
INFO: [Timing 38-191] Multithreading enabled for timing update using a maximum of 4 CPUs
INFO: [Timing 38-78] ReportTimingParams: -max_paths 1 -nworst 1 -delay_type max -sort_by slack.
# opt_design
Command: opt_design
Attempting to get a license for feature 'Implementation' and/or device 'xc7s50'
INFO: [Common 17-349] Got license for feature 'Implementation' and/or device 'xc7s50'
Running DRC as a precondition to command opt_design

Starting DRC Task
INFO: [DRC 23-27] Running DRC with 4 threads
INFO: [Project 1-461] DRC finished with 0 Errors
INFO: [Project 1-462] Please refer to the DRC report (report_drc) for more information.

Time (s): cpu = 00:00:01 ; elapsed = 00:00:00.63 . Memory (MB): peak = 2463.070 ; gain = 65.703 ; free physical = 11802 ; free virtual = 17386

Starting Cache Timing Information Task
Ending Cache Timing Information Task | Checksum: 24d53773c

Time (s): cpu = 00:00:00 ; elapsed = 00:00:00.01 . Memory (MB): peak = 2463.070 ; gain = 0.000 ; free physical = 11802 ; free virtual = 17386

Starting Logic Optimization Task

Phase 1 Initialization

Phase 1.1 Core Generation And Design Setup
Phase 1.1 Core Generation And Design Setup | Checksum: 24d53773c

Time (s): cpu = 00:00:00.01 ; elapsed = 00:00:00 . Memory (MB): peak = 2689.070 ; gain = 0.000 ; free physical = 11537 ; free virtual = 17121

Phase 1.2 Setup Constraints And Sort Netlist
Phase 1.2 Setup Constraints And Sort Netlist | Checksum: 24d53773c

Time (s): cpu = 00:00:00.01 ; elapsed = 00:00:00 . Memory (MB): peak = 2689.070 ; gain = 0.000 ; free physical = 11537 ; free virtual = 17121
Phase 1 Initialization | Checksum: 24d53773c

Time (s): cpu = 00:00:00.01 ; elapsed = 00:00:00 . Memory (MB): peak = 2689.070 ; gain = 0.000 ; free physical = 11537 ; free virtual = 17121

Phase 2 Timer Update And Timing Data Collection

Phase 2.1 Timer Update
Phase 2.1 Timer Update | Checksum: 24d53773c

Time (s): cpu = 00:00:00.14 ; elapsed = 00:00:00.05 . Memory (MB): peak = 2689.070 ; gain = 0.000 ; free physical = 11537 ; free virtual = 17121

Phase 2.2 Timing Data Collection
Phase 2.2 Timing Data Collection | Checksum: 24d53773c

Time (s): cpu = 00:00:00.15 ; elapsed = 00:00:00.06 . Memory (MB): peak = 2689.070 ; gain = 0.000 ; free physical = 11537 ; free virtual = 17121
Phase 2 Timer Update And Timing Data Collection | Checksum: 24d53773c

Time (s): cpu = 00:00:00.15 ; elapsed = 00:00:00.06 . Memory (MB): peak = 2689.070 ; gain = 0.000 ; free physical = 11537 ; free virtual = 17121

Phase 3 Retarget
INFO: [Opt 31-1834] Total Chains To Be Transformed Were: 0 AND Number of Transformed insts Created are: 0
INFO: [Opt 31-138] Pushed 1 inverter(s) to 1 load pin(s).
INFO: [Opt 31-49] Retargeted 0 cell(s).
Phase 3 Retarget | Checksum: 2f0215f14

Time (s): cpu = 00:00:00.21 ; elapsed = 00:00:00.12 . Memory (MB): peak = 2689.070 ; gain = 0.000 ; free physical = 11537 ; free virtual = 17122
Retarget | Checksum: 2f0215f14
INFO: [Opt 31-389] Phase Retarget created 0 cells and removed 16 cells

Phase 4 Constant propagation
INFO: [Opt 31-138] Pushed 0 inverter(s) to 0 load pin(s).
Phase 4 Constant propagation | Checksum: 2b285cd0d

Time (s): cpu = 00:00:00.23 ; elapsed = 00:00:00.14 . Memory (MB): peak = 2689.070 ; gain = 0.000 ; free physical = 11537 ; free virtual = 17122
Constant propagation | Checksum: 2b285cd0d
INFO: [Opt 31-389] Phase Constant propagation created 0 cells and removed 0 cells

Phase 5 Sweep
Phase 5 Sweep | Checksum: 264f4592b

Time (s): cpu = 00:00:00.25 ; elapsed = 00:00:00.17 . Memory (MB): peak = 2689.070 ; gain = 0.000 ; free physical = 11537 ; free virtual = 17122
Sweep | Checksum: 264f4592b
INFO: [Opt 31-389] Phase Sweep created 4 cells and removed 0 cells

Phase 6 BUFG optimization
Phase 6 BUFG optimization | Checksum: 264f4592b

Time (s): cpu = 00:00:00.3 ; elapsed = 00:00:00.19 . Memory (MB): peak = 2689.070 ; gain = 0.000 ; free physical = 11537 ; free virtual = 17122
BUFG optimization | Checksum: 264f4592b
INFO: [Opt 31-662] Phase BUFG optimization created 0 cells of which 0 are BUFGs and removed 0 cells.

Phase 7 Shift Register Optimization
INFO: [Opt 31-1064] SRL Remap converted 0 SRLs to 0 registers and converted 0 registers of register chains to 0 SRLs
Phase 7 Shift Register Optimization | Checksum: 264f4592b

Time (s): cpu = 00:00:00.3 ; elapsed = 00:00:00.19 . Memory (MB): peak = 2689.070 ; gain = 0.000 ; free physical = 11537 ; free virtual = 17122
Shift Register Optimization | Checksum: 264f4592b
INFO: [Opt 31-389] Phase Shift Register Optimization created 0 cells and removed 0 cells

Phase 8 Post Processing Netlist
Phase 8 Post Processing Netlist | Checksum: 2a350a70e

Time (s): cpu = 00:00:00.31 ; elapsed = 00:00:00.2 . Memory (MB): peak = 2689.070 ; gain = 0.000 ; free physical = 11537 ; free virtual = 17122
Post Processing Netlist | Checksum: 2a350a70e
INFO: [Opt 31-389] Phase Post Processing Netlist created 0 cells and removed 0 cells

Phase 9 Finalization

Phase 9.1 Finalizing Design Cores and Updating Shapes
Phase 9.1 Finalizing Design Cores and Updating Shapes | Checksum: 30fcefb6a

Time (s): cpu = 00:00:00.41 ; elapsed = 00:00:00.3 . Memory (MB): peak = 2689.070 ; gain = 0.000 ; free physical = 11537 ; free virtual = 17122

Phase 9.2 Verifying Netlist Connectivity

Starting Connectivity Check Task

Time (s): cpu = 00:00:00 ; elapsed = 00:00:00 . Memory (MB): peak = 2689.070 ; gain = 0.000 ; free physical = 11537 ; free virtual = 17122
Phase 9.2 Verifying Netlist Connectivity | Checksum: 30fcefb6a

Time (s): cpu = 00:00:00.41 ; elapsed = 00:00:00.3 . Memory (MB): peak = 2689.070 ; gain = 0.000 ; free physical = 11537 ; free virtual = 17122
Phase 9 Finalization | Checksum: 30fcefb6a

Time (s): cpu = 00:00:00.41 ; elapsed = 00:00:00.31 . Memory (MB): peak = 2689.070 ; gain = 0.000 ; free physical = 11537 ; free virtual = 17122
Opt_design Change Summary
=========================


-------------------------------------------------------------------------------------------------------------------------
|  Phase                        |  #Cells created  |  #Cells Removed  |  #Constrained objects preventing optimizations  |
-------------------------------------------------------------------------------------------------------------------------
|  Retarget                     |               0  |              16  |                                              0  |
|  Constant propagation         |               0  |               0  |                                              0  |
|  Sweep                        |               4  |               0  |                                              0  |
|  BUFG optimization            |               0  |               0  |                                              0  |
|  Shift Register Optimization  |               0  |               0  |                                              0  |
|  Post Processing Netlist      |               0  |               0  |                                              0  |
-------------------------------------------------------------------------------------------------------------------------


Ending Logic Optimization Task | Checksum: 30fcefb6a

Time (s): cpu = 00:00:00.42 ; elapsed = 00:00:00.31 . Memory (MB): peak = 2689.070 ; gain = 0.000 ; free physical = 11537 ; free virtual = 17122

Starting Power Optimization Task
INFO: [Pwropt 34-132] Skipping clock gating for clocks with a period < 2.00 ns.
Ending Power Optimization Task | Checksum: 30fcefb6a

Time (s): cpu = 00:00:00.01 ; elapsed = 00:00:00.01 . Memory (MB): peak = 2689.070 ; gain = 0.000 ; free physical = 11537 ; free virtual = 17122

Starting Final Cleanup Task
Ending Final Cleanup Task | Checksum: 30fcefb6a

Time (s): cpu = 00:00:00 ; elapsed = 00:00:00 . Memory (MB): peak = 2689.070 ; gain = 0.000 ; free physical = 11537 ; free virtual = 17122

Starting Netlist Obfuscation Task
Netlist sorting complete. Time (s): cpu = 00:00:00 ; elapsed = 00:00:00 . Memory (MB): peak = 2689.070 ; gain = 0.000 ; free physical = 11537 ; free virtual = 17122
Ending Netlist Obfuscation Task | Checksum: 30fcefb6a

Time (s): cpu = 00:00:00 ; elapsed = 00:00:00 . Memory (MB): peak = 2689.070 ; gain = 0.000 ; free physical = 11537 ; free virtual = 17122
INFO: [Common 17-83] Releasing license: Implementation
17 Infos, 0 Warnings, 0 Critical Warnings and 0 Errors encountered.
opt_design completed successfully
# place_design
Command: place_design
Attempting to get a license for feature 'Implementation' and/or device 'xc7s50'
INFO: [Common 17-349] Got license for feature 'Implementation' and/or device 'xc7s50'
INFO: [Common 17-83] Releasing license: Implementation
INFO: [DRC 23-27] Running DRC with 4 threads
INFO: [Vivado_Tcl 4-198] DRC finished with 0 Errors
INFO: [Vivado_Tcl 4-199] Please refer to the DRC report (report_drc) for more information.
Running DRC as a precondition to command place_design
INFO: [DRC 23-27] Running DRC with 4 threads
INFO: [Vivado_Tcl 4-198] DRC finished with 0 Errors
INFO: [Vivado_Tcl 4-199] Please refer to the DRC report (report_drc) for more information.
INFO: [Place 30-611] Multithreading enabled for place_design using a maximum of 4 CPUs

Starting Placer Task

Phase 1 Placer Initialization

Phase 1.1 Placer Initialization Netlist Sorting
Netlist sorting complete. Time (s): cpu = 00:00:00 ; elapsed = 00:00:00 . Memory (MB): peak = 2689.070 ; gain = 0.000 ; free physical = 11537 ; free virtual = 17123
Phase 1.1 Placer Initialization Netlist Sorting | Checksum: 2378a9673

Time (s): cpu = 00:00:00.01 ; elapsed = 00:00:00 . Memory (MB): peak = 2689.070 ; gain = 0.000 ; free physical = 11537 ; free virtual = 17123
Netlist sorting complete. Time (s): cpu = 00:00:00 ; elapsed = 00:00:00.01 . Memory (MB): peak = 2689.070 ; gain = 0.000 ; free physical = 11537 ; free virtual = 17123

Phase 1.2 IO Placement/ Clock Placement/ Build Placer Device
INFO: [Timing 38-35] Done setting XDC timing constraints.
Phase 1.2 IO Placement/ Clock Placement/ Build Placer Device | Checksum: 13f902b3f

Time (s): cpu = 00:00:00.45 ; elapsed = 00:00:00.23 . Memory (MB): peak = 2689.070 ; gain = 0.000 ; free physical = 11534 ; free virtual = 17124

Phase 1.3 Build Placer Netlist Model
Phase 1.3 Build Placer Netlist Model | Checksum: 18f9e46a8

Time (s): cpu = 00:00:00.99 ; elapsed = 00:00:00.5 . Memory (MB): peak = 2692.082 ; gain = 3.012 ; free physical = 11535 ; free virtual = 17126

Phase 1.4 Constrain Clocks/Macros
Phase 1.4 Constrain Clocks/Macros | Checksum: 18f9e46a8

Time (s): cpu = 00:00:00.99 ; elapsed = 00:00:00.51 . Memory (MB): peak = 2692.082 ; gain = 3.012 ; free physical = 11535 ; free virtual = 17126
Phase 1 Placer Initialization | Checksum: 18f9e46a8

Time (s): cpu = 00:00:01 ; elapsed = 00:00:00.52 . Memory (MB): peak = 2692.082 ; gain = 3.012 ; free physical = 11535 ; free virtual = 17127

Phase 2 Global Placement

Phase 2.1 Floorplanning
Phase 2.1 Floorplanning | Checksum: 192e14325

Time (s): cpu = 00:00:01 ; elapsed = 00:00:00.59 . Memory (MB): peak = 2692.082 ; gain = 3.012 ; free physical = 11535 ; free virtual = 17127

Phase 2.2 Update Timing before SLR Path Opt
Phase 2.2 Update Timing before SLR Path Opt | Checksum: 1fef35b8e

Time (s): cpu = 00:00:01 ; elapsed = 00:00:00.63 . Memory (MB): peak = 2692.082 ; gain = 3.012 ; free physical = 11535 ; free virtual = 17127

Phase 2.3 Post-Processing in Floorplanning
Phase 2.3 Post-Processing in Floorplanning | Checksum: 1fef35b8e

Time (s): cpu = 00:00:01 ; elapsed = 00:00:00.64 . Memory (MB): peak = 2692.082 ; gain = 3.012 ; free physical = 11535 ; free virtual = 17127

Phase 2.4 Global Placement Core

Phase 2.4.1 UpdateTiming Before Physical Synthesis
Phase 2.4.1 UpdateTiming Before Physical Synthesis | Checksum: 1c51c01e6

Time (s): cpu = 00:00:02 ; elapsed = 00:00:01 . Memory (MB): peak = 2692.082 ; gain = 3.012 ; free physical = 11525 ; free virtual = 17118

Phase 2.4.2 Physical Synthesis In Placer
INFO: [Physopt 32-1035] Found 0 LUTNM shape to break, 12 LUT instances to create LUTNM shape
INFO: [Physopt 32-1044] Break lutnm for timing: one critical 0, two critical 0, total 0, new lutff created 0
INFO: [Physopt 32-1138] End 1 Pass. Optimized 5 nets or LUTs. Breaked 0 LUT, combined 5 existing LUTs and moved 0 existing LUT
INFO: [Physopt 32-65] No nets found for high-fanout optimization.
INFO: [Physopt 32-232] Optimized 0 net. Created 0 new instance.
INFO: [Physopt 32-775] End 1 Pass. Optimized 0 net or cell. Created 0 new cell, deleted 0 existing cell and moved 0 existing cell
INFO: [Physopt 32-670] No setup violation found.  DSP Register Optimization was not performed.
INFO: [Physopt 32-670] No setup violation found.  Shift Register to Pipeline Optimization was not performed.
INFO: [Physopt 32-670] No setup violation found.  Shift Register Optimization was not performed.
INFO: [Physopt 32-670] No setup violation found.  BRAM Register Optimization was not performed.
INFO: [Physopt 32-670] No setup violation found.  URAM Register Optimization was not performed.
INFO: [Physopt 32-949] No candidate nets found for dynamic/static region interface net replication
INFO: [Physopt 32-775] End 1 Pass. Optimized 0 net or cell. Created 0 new cell, deleted 0 existing cell and moved 0 existing cell
Netlist sorting complete. Time (s): cpu = 00:00:00 ; elapsed = 00:00:00 . Memory (MB): peak = 2692.082 ; gain = 0.000 ; free physical = 11524 ; free virtual = 17119

Summary of Physical Synthesis Optimizations
============================================


-----------------------------------------------------------------------------------------------------------------------------------------------------------
|  Optimization                                     |  Added Cells  |  Removed Cells  |  Optimized Cells/Nets  |  Dont Touch  |  Iterations  |  Elapsed   |
-----------------------------------------------------------------------------------------------------------------------------------------------------------
|  LUT Combining                                    |            0  |              5  |                     5  |           0  |           1  |  00:00:00  |
|  Retime                                           |            0  |              0  |                     0  |           0  |           1  |  00:00:00  |
|  Very High Fanout                                 |            0  |              0  |                     0  |           0  |           1  |  00:00:00  |
|  DSP Register                                     |            0  |              0  |                     0  |           0  |           0  |  00:00:00  |
|  Shift Register to Pipeline                       |            0  |              0  |                     0  |           0  |           0  |  00:00:00  |
|  Shift Register                                   |            0  |              0  |                     0  |           0  |           0  |  00:00:00  |
|  BRAM Register                                    |            0  |              0  |                     0  |           0  |           0  |  00:00:00  |
|  URAM Register                                    |            0  |              0  |                     0  |           0  |           0  |  00:00:00  |
|  Dynamic/Static Region Interface Net Replication  |            0  |              0  |                     0  |           0  |           1  |  00:00:00  |
|  Total                                            |            0  |              5  |                     5  |           0  |           4  |  00:00:00  |
-----------------------------------------------------------------------------------------------------------------------------------------------------------


Phase 2.4.2 Physical Synthesis In Placer | Checksum: 2ed414501

Time (s): cpu = 00:00:03 ; elapsed = 00:00:02 . Memory (MB): peak = 2692.082 ; gain = 3.012 ; free physical = 11524 ; free virtual = 17119
Phase 2.4 Global Placement Core | Checksum: 2d262439c

Time (s): cpu = 00:00:03 ; elapsed = 00:00:02 . Memory (MB): peak = 2692.082 ; gain = 3.012 ; free physical = 11523 ; free virtual = 17119
Phase 2 Global Placement | Checksum: 2d262439c

Time (s): cpu = 00:00:03 ; elapsed = 00:00:02 . Memory (MB): peak = 2692.082 ; gain = 3.012 ; free physical = 11523 ; free virtual = 17119

Phase 3 Detail Placement

Phase 3.1 Commit Multi Column Macros
Phase 3.1 Commit Multi Column Macros | Checksum: 2538a69bc

Time (s): cpu = 00:00:03 ; elapsed = 00:00:02 . Memory (MB): peak = 2692.082 ; gain = 3.012 ; free physical = 11523 ; free virtual = 17119

Phase 3.2 Commit Most Macros & LUTRAMs
Phase 3.2 Commit Most Macros & LUTRAMs | Checksum: 24d323658

Time (s): cpu = 00:00:03 ; elapsed = 00:00:02 . Memory (MB): peak = 2692.082 ; gain = 3.012 ; free physical = 11525 ; free virtual = 17121

Phase 3.3 Area Swap Optimization
Phase 3.3 Area Swap Optimization | Checksum: 31897bfb8

Time (s): cpu = 00:00:03 ; elapsed = 00:00:02 . Memory (MB): peak = 2692.082 ; gain = 3.012 ; free physical = 11526 ; free virtual = 17122

Phase 3.4 Pipeline Register Optimization
Phase 3.4 Pipeline Register Optimization | Checksum: 23b4cea52

Time (s): cpu = 00:00:03 ; elapsed = 00:00:02 . Memory (MB): peak = 2692.082 ; gain = 3.012 ; free physical = 11526 ; free virtual = 17122

Phase 3.5 Small Shape Detail Placement
Phase 3.5 Small Shape Detail Placement | Checksum: 22c3bc316

Time (s): cpu = 00:00:04 ; elapsed = 00:00:02 . Memory (MB): peak = 2692.082 ; gain = 3.012 ; free physical = 11526 ; free virtual = 17122

Phase 3.6 Re-assign LUT pins
Phase 3.6 Re-assign LUT pins | Checksum: 2c403ea4f

Time (s): cpu = 00:00:04 ; elapsed = 00:00:02 . Memory (MB): peak = 2692.082 ; gain = 3.012 ; free physical = 11526 ; free virtual = 17122

Phase 3.7 Pipeline Register Optimization
Phase 3.7 Pipeline Register Optimization | Checksum: 306c9c3f5

Time (s): cpu = 00:00:04 ; elapsed = 00:00:02 . Memory (MB): peak = 2692.082 ; gain = 3.012 ; free physical = 11526 ; free virtual = 17122
Phase 3 Detail Placement | Checksum: 306c9c3f5

Time (s): cpu = 00:00:04 ; elapsed = 00:00:02 . Memory (MB): peak = 2692.082 ; gain = 3.012 ; free physical = 11526 ; free virtual = 17122

Phase 4 Post Placement Optimization and Clean-Up

Phase 4.1 Post Commit Optimization
INFO: [Timing 38-35] Done setting XDC timing constraints.

Phase 4.1.1 Post Placement Optimization
Post Placement Optimization Initialization | Checksum: 29698583b

Phase 4.1.1.1 BUFG Insertion

Starting Physical Synthesis Task

Phase 1 Physical Synthesis Initialization
INFO: [Physopt 32-721] Multithreading enabled for phys_opt_design using a maximum of 4 CPUs
INFO: [Physopt 32-619] Estimated Timing Summary | WNS=3.531 | TNS=0.000 |
Phase 1 Physical Synthesis Initialization | Checksum: 217c91f20

Time (s): cpu = 00:00:00.19 ; elapsed = 00:00:00.09 . Memory (MB): peak = 2692.082 ; gain = 0.000 ; free physical = 11526 ; free virtual = 17122
INFO: [Place 46-56] BUFG insertion identified 0 candidate nets. Inserted BUFG: 0, Replicated BUFG Driver: 0, Skipped due to Placement/Routing Conflicts: 0, Skipped due to Timing Degradation: 0, Skipped due to netlist editing failed: 0.
Ending Physical Synthesis Task | Checksum: 31c0979d0

Time (s): cpu = 00:00:00.21 ; elapsed = 00:00:00.12 . Memory (MB): peak = 2692.082 ; gain = 0.000 ; free physical = 11526 ; free virtual = 17122
Phase 4.1.1.1 BUFG Insertion | Checksum: 29698583b

Time (s): cpu = 00:00:05 ; elapsed = 00:00:03 . Memory (MB): peak = 2692.082 ; gain = 3.012 ; free physical = 11526 ; free virtual = 17122

Phase 4.1.1.2 Post Placement Timing Optimization
INFO: [Place 30-746] Post Placement Timing Summary WNS=3.531. For the most accurate timing information please run report_timing.
Phase 4.1.1.2 Post Placement Timing Optimization | Checksum: 2c0450c11

Time (s): cpu = 00:00:05 ; elapsed = 00:00:03 . Memory (MB): peak = 2692.082 ; gain = 3.012 ; free physical = 11525 ; free virtual = 17122

Time (s): cpu = 00:00:05 ; elapsed = 00:00:03 . Memory (MB): peak = 2692.082 ; gain = 3.012 ; free physical = 11525 ; free virtual = 17122
Phase 4.1 Post Commit Optimization | Checksum: 2c0450c11

Time (s): cpu = 00:00:05 ; elapsed = 00:00:03 . Memory (MB): peak = 2692.082 ; gain = 3.012 ; free physical = 11525 ; free virtual = 17122

Phase 4.2 Post Placement Cleanup
Phase 4.2 Post Placement Cleanup | Checksum: 2c0450c11

Time (s): cpu = 00:00:05 ; elapsed = 00:00:03 . Memory (MB): peak = 2692.082 ; gain = 3.012 ; free physical = 11525 ; free virtual = 17122

Phase 4.3 Placer Reporting

Phase 4.3.1 Print Estimated Congestion
INFO: [Place 30-612] Post-Placement Estimated Congestion 
 ____________________________________________________
|           | Global Congestion | Short Congestion  |
| Direction | Region Size       | Region Size       |
|___________|___________________|___________________|
|      North|                1x1|                1x1|
|___________|___________________|___________________|
|      South|                1x1|                1x1|
|___________|___________________|___________________|
|       East|                1x1|                1x1|
|___________|___________________|___________________|
|       West|                1x1|                1x1|
|___________|___________________|___________________|

Phase 4.3.1 Print Estimated Congestion | Checksum: 2c0450c11

Time (s): cpu = 00:00:05 ; elapsed = 00:00:03 . Memory (MB): peak = 2692.082 ; gain = 3.012 ; free physical = 11525 ; free virtual = 17122
Phase 4.3 Placer Reporting | Checksum: 2c0450c11

Time (s): cpu = 00:00:05 ; elapsed = 00:00:03 . Memory (MB): peak = 2692.082 ; gain = 3.012 ; free physical = 11525 ; free virtual = 17122

Phase 4.4 Final Placement Cleanup
Netlist sorting complete. Time (s): cpu = 00:00:00 ; elapsed = 00:00:00.01 . Memory (MB): peak = 2692.082 ; gain = 0.000 ; free physical = 11525 ; free virtual = 17122

Time (s): cpu = 00:00:05 ; elapsed = 00:00:03 . Memory (MB): peak = 2692.082 ; gain = 3.012 ; free physical = 11525 ; free virtual = 17122
Phase 4 Post Placement Optimization and Clean-Up | Checksum: 204aa4b9f

Time (s): cpu = 00:00:05 ; elapsed = 00:00:03 . Memory (MB): peak = 2692.082 ; gain = 3.012 ; free physical = 11525 ; free virtual = 17122
Ending Placer Task | Checksum: 1882a5467

Time (s): cpu = 00:00:05 ; elapsed = 00:00:03 . Memory (MB): peak = 2692.082 ; gain = 3.012 ; free physical = 11525 ; free virtual = 17122
29 Infos, 0 Warnings, 0 Critical Warnings and 0 Errors encountered.
place_design completed successfully
# report_clock_utilization -file $outputDir/clock_util.rpt
WARNING: [Device 21-9320] Failed to find the Oracle tile group with name 'HSR_BOUNDARY_TOP'. This is required for Clock regions and Virtual grid.
WARNING: [Device 21-2174] Failed to initialize Virtual grid.
# if {[get_property SLACK [get_timing_paths -max_paths 1 -nworst 1 -setup]] < 0} {
#  puts "Found setup timing violations => running physical optimization"
#  phys_opt_design
# }
# report_utilization -file $outputDir/post_place_util.rpt
# report_timing_summary -file $outputDir/post_place_timing_summary.rpt
# report_timing -file $outputDir/post_place_timing.rpt
INFO: [Timing 38-78] ReportTimingParams: -max_paths 1 -nworst 1 -delay_type max -sort_by slack.
# route_design -directive Explore
Command: route_design -directive Explore
Attempting to get a license for feature 'Implementation' and/or device 'xc7s50'
INFO: [Common 17-349] Got license for feature 'Implementation' and/or device 'xc7s50'
Running DRC as a precondition to command route_design
INFO: [DRC 23-27] Running DRC with 4 threads
INFO: [Vivado_Tcl 4-198] DRC finished with 0 Errors
INFO: [Vivado_Tcl 4-199] Please refer to the DRC report (report_drc) for more information.


Starting Routing Task
INFO: [Route 35-270] Using Router directive 'Explore'.
INFO: [Route 35-254] Multithreading enabled for route_design using a maximum of 4 CPUs

Phase 1 Build RT Design
Checksum: PlaceDB: ac826adc ConstDB: 0 ShapeSum: 3116b655 RouteDB: aa913336
Post Restoration Checksum: NetGraph: 1baf62ee | NumContArr: f008d8e9 | Constraints: c2a8fa9d | Timing: c2a8fa9d
Phase 1 Build RT Design | Checksum: 2910a3111

Time (s): cpu = 00:00:13 ; elapsed = 00:00:11 . Memory (MB): peak = 2692.082 ; gain = 0.000 ; free physical = 11540 ; free virtual = 17139

Phase 2 Router Initialization

Phase 2.1 Fix Topology Constraints
Phase 2.1 Fix Topology Constraints | Checksum: 2910a3111

Time (s): cpu = 00:00:13 ; elapsed = 00:00:11 . Memory (MB): peak = 2692.082 ; gain = 0.000 ; free physical = 11540 ; free virtual = 17140

Phase 2.2 Pre Route Cleanup
Phase 2.2 Pre Route Cleanup | Checksum: 2910a3111

Time (s): cpu = 00:00:13 ; elapsed = 00:00:11 . Memory (MB): peak = 2692.082 ; gain = 0.000 ; free physical = 11540 ; free virtual = 17140
 Number of Nodes with overlaps = 0

Phase 2.3 Update Timing
Phase 2.3 Update Timing | Checksum: 296aece3c

Time (s): cpu = 00:00:14 ; elapsed = 00:00:11 . Memory (MB): peak = 2692.082 ; gain = 0.000 ; free physical = 11540 ; free virtual = 17140
INFO: [Route 35-416] Intermediate Timing Summary | WNS=3.499  | TNS=0.000  | WHS=-0.117 | THS=-9.749 |


Router Utilization Summary
  Global Vertical Routing Utilization    = 0 %
  Global Horizontal Routing Utilization  = 0 %
  Routable Net Status*
  *Does not include unroutable nets such as driverless and loadless.
  Run report_route_status for detailed report.
  Number of Failed Nets               = 1444
    (Failed Nets is the sum of unrouted and partially routed nets)
  Number of Unrouted Nets             = 1444
  Number of Partially Routed Nets     = 0
  Number of Node Overlaps             = 0

Phase 2 Router Initialization | Checksum: 310f7a7c2

Time (s): cpu = 00:00:15 ; elapsed = 00:00:12 . Memory (MB): peak = 2692.082 ; gain = 0.000 ; free physical = 11540 ; free virtual = 17140

Phase 3 Global Routing
Phase 3 Global Routing | Checksum: 310f7a7c2

Time (s): cpu = 00:00:15 ; elapsed = 00:00:12 . Memory (MB): peak = 2692.082 ; gain = 0.000 ; free physical = 11540 ; free virtual = 17140

Phase 4 Initial Routing

Phase 4.1 Initial Net Routing Pass
Phase 4.1 Initial Net Routing Pass | Checksum: 2818cedb1

Time (s): cpu = 00:00:15 ; elapsed = 00:00:12 . Memory (MB): peak = 2692.082 ; gain = 0.000 ; free physical = 11540 ; free virtual = 17140
Phase 4 Initial Routing | Checksum: 2818cedb1

Time (s): cpu = 00:00:15 ; elapsed = 00:00:12 . Memory (MB): peak = 2692.082 ; gain = 0.000 ; free physical = 11540 ; free virtual = 17140

Phase 5 Rip-up And Reroute

Phase 5.1 Global Iteration 0
 Number of Nodes with overlaps = 17
 Number of Nodes with overlaps = 0
INFO: [Route 35-416] Intermediate Timing Summary | WNS=3.442  | TNS=0.000  | WHS=N/A    | THS=N/A    |

Phase 5.1 Global Iteration 0 | Checksum: 23524813b

Time (s): cpu = 00:00:15 ; elapsed = 00:00:12 . Memory (MB): peak = 2692.082 ; gain = 0.000 ; free physical = 11540 ; free virtual = 17140
Phase 5 Rip-up And Reroute | Checksum: 23524813b

Time (s): cpu = 00:00:15 ; elapsed = 00:00:12 . Memory (MB): peak = 2692.082 ; gain = 0.000 ; free physical = 11540 ; free virtual = 17140

Phase 6 Delay and Skew Optimization

Phase 6.1 Delay CleanUp

Phase 6.1.1 Update Timing
Phase 6.1.1 Update Timing | Checksum: 20b88de89

Time (s): cpu = 00:00:16 ; elapsed = 00:00:12 . Memory (MB): peak = 2692.082 ; gain = 0.000 ; free physical = 11542 ; free virtual = 17142
INFO: [Route 35-416] Intermediate Timing Summary | WNS=3.522  | TNS=0.000  | WHS=N/A    | THS=N/A    |

Phase 6.1 Delay CleanUp | Checksum: 20b88de89

Time (s): cpu = 00:00:16 ; elapsed = 00:00:12 . Memory (MB): peak = 2692.082 ; gain = 0.000 ; free physical = 11542 ; free virtual = 17142

Phase 6.2 Clock Skew Optimization
Phase 6.2 Clock Skew Optimization | Checksum: 20b88de89

Time (s): cpu = 00:00:16 ; elapsed = 00:00:12 . Memory (MB): peak = 2692.082 ; gain = 0.000 ; free physical = 11542 ; free virtual = 17142
Phase 6 Delay and Skew Optimization | Checksum: 20b88de89

Time (s): cpu = 00:00:16 ; elapsed = 00:00:12 . Memory (MB): peak = 2692.082 ; gain = 0.000 ; free physical = 11542 ; free virtual = 17142

Phase 7 Post Hold Fix

Phase 7.1 Hold Fix Iter
INFO: [Route 35-416] Intermediate Timing Summary | WNS=3.522  | TNS=0.000  | WHS=0.150  | THS=0.000  |

Phase 7.1 Hold Fix Iter | Checksum: 25bb1cc99

Time (s): cpu = 00:00:16 ; elapsed = 00:00:12 . Memory (MB): peak = 2692.082 ; gain = 0.000 ; free physical = 11542 ; free virtual = 17142
Phase 7 Post Hold Fix | Checksum: 25bb1cc99

Time (s): cpu = 00:00:16 ; elapsed = 00:00:12 . Memory (MB): peak = 2692.082 ; gain = 0.000 ; free physical = 11542 ; free virtual = 17142

Phase 8 Route finalize

Router Utilization Summary
  Global Vertical Routing Utilization    = 0.333333 %
  Global Horizontal Routing Utilization  = 0.329516 %
  Routable Net Status*
  *Does not include unroutable nets such as driverless and loadless.
  Run report_route_status for detailed report.
  Number of Failed Nets               = 0
    (Failed Nets is the sum of unrouted and partially routed nets)
  Number of Unrouted Nets             = 0
  Number of Partially Routed Nets     = 0
  Number of Node Overlaps             = 0

Phase 8 Route finalize | Checksum: 25bb1cc99

Time (s): cpu = 00:00:16 ; elapsed = 00:00:12 . Memory (MB): peak = 2692.082 ; gain = 0.000 ; free physical = 11542 ; free virtual = 17142

Phase 9 Verifying routed nets

 Verification completed successfully
Phase 9 Verifying routed nets | Checksum: 25bb1cc99

Time (s): cpu = 00:00:16 ; elapsed = 00:00:12 . Memory (MB): peak = 2692.082 ; gain = 0.000 ; free physical = 11542 ; free virtual = 17142

Phase 10 Depositing Routes
Phase 10 Depositing Routes | Checksum: 268630ef4

Time (s): cpu = 00:00:16 ; elapsed = 00:00:12 . Memory (MB): peak = 2692.082 ; gain = 0.000 ; free physical = 11542 ; free virtual = 17142

Phase 11 Post Process Routing
Phase 11 Post Process Routing | Checksum: 268630ef4

Time (s): cpu = 00:00:16 ; elapsed = 00:00:12 . Memory (MB): peak = 2692.082 ; gain = 0.000 ; free physical = 11542 ; free virtual = 17142

Phase 12 Post Router Timing
INFO: [Route 35-20] Post Routing Timing Summary | WNS=3.524  | TNS=0.000  | WHS=0.152  | THS=0.000  |

Phase 12 Post Router Timing | Checksum: 23cf3aabb

Time (s): cpu = 00:00:17 ; elapsed = 00:00:13 . Memory (MB): peak = 2692.082 ; gain = 0.000 ; free physical = 11542 ; free virtual = 17142
INFO: [Route 35-61] The design met the timing requirement.
Total Elapsed time in route_design: 12.57 secs

Phase 13 Post-Route Event Processing
Phase 13 Post-Route Event Processing | Checksum: 1feed6ebf

Time (s): cpu = 00:00:17 ; elapsed = 00:00:13 . Memory (MB): peak = 2692.082 ; gain = 0.000 ; free physical = 11542 ; free virtual = 17142
INFO: [Route 35-16] Router Completed Successfully
Ending Routing Task | Checksum: 1feed6ebf

Time (s): cpu = 00:00:17 ; elapsed = 00:00:13 . Memory (MB): peak = 2692.082 ; gain = 0.000 ; free physical = 11542 ; free virtual = 17142

Routing Is Done.
INFO: [Common 17-83] Releasing license: Implementation
14 Infos, 0 Warnings, 0 Critical Warnings and 0 Errors encountered.
route_design completed successfully
route_design: Time (s): cpu = 00:00:18 ; elapsed = 00:00:13 . Memory (MB): peak = 2692.082 ; gain = 0.000 ; free physical = 11542 ; free virtual = 17142
# report_route_status -file $outputDir/post_route_status.rpt
# report_timing_summary -file $outputDir/post_route_timing_summary.rpt
# report_timing -file $outputDir/post_route_timing.rpt
INFO: [Timing 38-78] ReportTimingParams: -max_paths 1 -nworst 1 -delay_type max -sort_by slack.
# report_power -file $outputDir/post_route_power.rpt
Command: report_power -file obj/post_route_power.rpt
Running Vector-less Activity Propagation...

Finished Running Vector-less Activity Propagation
0 Infos, 0 Warnings, 0 Critical Warnings and 0 Errors encountered.
report_power completed successfully
# report_drc -file $outputDir/post_imp_drc.rpt
Command: report_drc -file obj/post_imp_drc.rpt
INFO: [IP_Flow 19-234] Refreshing IP repositories
INFO: [IP_Flow 19-1704] No user IP repositories specified
INFO: [IP_Flow 19-2313] Loaded Vivado IP repository '/tools/Xilinx/Vivado/2024.1/data/ip'.
INFO: [DRC 23-27] Running DRC with 4 threads
INFO: [Vivado_Tcl 2-168] The results of DRC are in file /home/fpga/worker_place/temp/2b6a2d2f7f77426cb8e5681a6f154bb7/obj/post_imp_drc.rpt.
report_drc completed successfully
# write_bitstream -force $outputDir/final.bit
Command: write_bitstream -force obj/final.bit
Attempting to get a license for feature 'Implementation' and/or device 'xc7s50'
INFO: [Common 17-349] Got license for feature 'Implementation' and/or device 'xc7s50'
Running DRC as a precondition to command write_bitstream
INFO: [IP_Flow 19-1839] IP Catalog is up to date.
INFO: [DRC 23-27] Running DRC with 4 threads
WARNING: [DRC CFGBVS-1] Missing CFGBVS and CONFIG_VOLTAGE Design Properties: Neither the CFGBVS nor CONFIG_VOLTAGE voltage property is set in the current_design.  Configuration bank voltage select (CFGBVS) must be set to VCCO or GND, and CONFIG_VOLTAGE must be set to the correct configuration voltage, in order to determine the I/O voltage support for the pins in bank 0.  It is suggested to specify these either using the 'Edit Device Properties' function in the GUI or directly in the XDC file using the following syntax:

 set_property CFGBVS value1 [current_design]
 #where value1 is either VCCO or GND

 set_property CONFIG_VOLTAGE value2 [current_design]
 #where value2 is the voltage provided to configuration bank 0

Refer to the device configuration user guide for more information.
INFO: [Vivado 12-3199] DRC finished with 0 Errors, 1 Warnings
INFO: [Vivado 12-3200] Please refer to the DRC report (report_drc) for more information.
INFO: [Designutils 20-2272] Running write_bitstream with 4 threads.
Loading data files...
Loading site data...
Loading route data...
Processing options...
Creating bitmap...
Creating bitstream...
Bitstream compression saved 14572704 bits.
Writing bitstream obj/final.bit...
INFO: [Vivado 12-1842] Bitgen Completed Successfully.
INFO: [Project 1-1876] WebTalk data collection is mandatory when using a ULT device. To see the specific WebTalk data collected for your design, open the usage_statistics_webtalk.html or usage_statistics_webtalk.xml file in the implementation directory.
INFO: [Common 17-83] Releasing license: Implementation
9 Infos, 1 Warnings, 0 Critical Warnings and 0 Errors encountered.
write_bitstream completed successfully
write_bitstream: Time (s): cpu = 00:00:09 ; elapsed = 00:00:17 . Memory (MB): peak = 2881.090 ; gain = 173.000 ; free physical = 11390 ; free virtual = 17003
INFO: [Common 17-206] Exiting Vivado at Fri Oct  2 14:51:47 2026...
